 snake

 Timestamp is 589af27a (Wed Feb 08 02:27:06 2017)

 Preferred load address is 0000000180000000

 Start         Length     Name                   Class
 0001:00000000 0002614eH .text$mn                CODE
 0001:00026150 000005bbH .text$x                 CODE
 0002:00000000 00000238H .idata$5                DATA
 0002:00000238 00000008H .CRT$XCA                DATA
 0002:00000240 00000008H .CRT$XCZ                DATA
 0002:00000248 00000008H .CRT$XIA                DATA
 0002:00000250 00000020H .CRT$XIC                DATA
 0002:00000270 00000008H .CRT$XIZ                DATA
 0002:00000278 00000008H .CRT$XPA                DATA
 0002:00000280 00000010H .CRT$XPX                DATA
 0002:00000290 00000008H .CRT$XPXA               DATA
 0002:00000298 00000008H .CRT$XPZ                DATA
 0002:000002a0 00000008H .CRT$XTA                DATA
 0002:000002a8 00000008H .CRT$XTZ                DATA
 0002:000002b0 0000aab0H .rdata                  DATA
 0002:0000ad60 0000004cH .rdata$debug            DATA
 0002:0000adb0 0000016cH .rdata$r                DATA
 0002:0000af20 00000008H .rtc$IAA                DATA
 0002:0000af28 00000008H .rtc$IZZ                DATA
 0002:0000af30 00000008H .rtc$TAA                DATA
 0002:0000af38 00000008H .rtc$TZZ                DATA
 0002:0000af40 00000b1cH .xdata                  DATA
 0002:0000ba60 00000084H .xdata$x                DATA
 0002:0000baf0 00000050H .edata                  DATA
 0002:0000bb40 00000014H .idata$2                DATA
 0002:0000bb54 00000014H .idata$3                DATA
 0002:0000bb68 00000238H .idata$4                DATA
 0002:0000bda0 0000053aH .idata$6                DATA
 0003:00000000 0000163cH .data                   DATA
 0003:00001640 00000070H .data$r                 DATA
 0003:000016c0 000024d8H .bss                    DATA
 0004:00000000 000012e4H .pdata                  DATA

  Address         Publics by Value              Rva+Base               Lib:Object

 0000:00000000       ___safe_se_handler_count   0000000000000000     <absolute>
 0000:00000000       __guard_fids_table         0000000000000000     <absolute>
 0000:00000000       ___safe_se_handler_table   0000000000000000     <absolute>
 0000:00000000       __guard_flags              0000000000000000     <absolute>
 0000:00000000       __guard_fids_count         0000000000000000     <absolute>
 0000:00000000       __ImageBase                0000000180000000     <linker-defined>
 0001:00000000       ?GameUpdateAndRenderStub@@YAXPEAUgame_screen_buffer@@PEAUgame_memory@@PEAUgame_controller@@@Z 0000000180001000 f   snake.obj
 0001:00000020       GameUpdateAndRender        0000000180001020 f   snake.obj
 0001:00000130       __GSHandlerCheck           0000000180001130 f   LIBCMTD:gshandler.obj
 0001:00000170       __GSHandlerCheckCommon     0000000180001170 f   LIBCMTD:gshandler.obj
 0001:00000280       __security_check_cookie    0000000180001280 f   LIBCMTD:amdsecgs.obj
 0001:000002a0       _CRT_INIT                  00000001800012a0 f   LIBCMTD:dllcrt0.obj
 0001:000004c0       _DllMainCRTStartup         00000001800014c0 f   LIBCMTD:dllcrt0.obj
 0001:00000660       __DllXcptFilter            0000000180001660 f   LIBCMTD:dllcrt0.obj
 0001:000006b0       __raise_securityfailure    00000001800016b0 f   LIBCMTD:gs_report.obj
 0001:00000700       __report_gsfailure         0000000180001700 f   LIBCMTD:gs_report.obj
 0001:000007e0       __report_rangecheckfailure 00000001800017e0 f   LIBCMTD:gs_report.obj
 0001:00000800       __report_securityfailure   0000000180001800 f   LIBCMTD:gs_report.obj
 0001:000008a0       _XcptFilter                00000001800018a0 f   LIBCMTD:winxfltr.obj
 0001:00000b40       __CppXcptFilter            0000000180001b40 f   LIBCMTD:winxfltr.obj
 0001:00000c00       _freefls                   0000000180001c00 f   LIBCMTD:tidtable.obj
 0001:00000e10       _freeptd                   0000000180001e10 f   LIBCMTD:tidtable.obj
 0001:00000e60       _getptd                    0000000180001e60 f   LIBCMTD:tidtable.obj
 0001:00000e90       _getptd_noexit             0000000180001e90 f   LIBCMTD:tidtable.obj
 0001:00000f60       _initptd                   0000000180001f60 f   LIBCMTD:tidtable.obj
 0001:00001090       _mtinit                    0000000180002090 f   LIBCMTD:tidtable.obj
 0001:00001150       _mtterm                    0000000180002150 f   LIBCMTD:tidtable.obj
 0001:00001180       __crtCorExitProcess        0000000180002180 f   LIBCMTD:crt0dat.obj
 0001:000011d0       __crtExitProcess           00000001800021d0 f   LIBCMTD:crt0dat.obj
 0001:000011f0       __freeCrtMemory            00000001800021f0 f   LIBCMTD:crt0dat.obj
 0001:00001420       _amsg_exit                 0000000180002420 f   LIBCMTD:crt0dat.obj
 0001:00001450       _cexit                     0000000180002450 f   LIBCMTD:crt0dat.obj
 0001:00001470       _cinit                     0000000180002470 f   LIBCMTD:crt0dat.obj
 0001:00001520       _exit                      0000000180002520 f   LIBCMTD:crt0dat.obj
 0001:00001540       _init_pointers             0000000180002540 f   LIBCMTD:crt0dat.obj
 0001:000015f0       _initterm_e                00000001800025f0 f   LIBCMTD:crt0dat.obj
 0001:00001650       _lockexit                  0000000180002650 f   LIBCMTD:crt0dat.obj
 0001:00001670       _unlockexit                0000000180002670 f   LIBCMTD:crt0dat.obj
 0001:000018a0       _heap_init                 00000001800028a0 f   LIBCMTD:heapinit.obj
 0001:000018d0       _heap_term                 00000001800028d0 f   LIBCMTD:heapinit.obj
 0001:000018e0       _ioinit                    00000001800028e0 f   LIBCMTD:ioinit.obj
 0001:00001ec0       _ioterm                    0000000180002ec0 f   LIBCMTD:ioinit.obj
 0001:00001fa0       _set_pgmptr                0000000180002fa0 f i LIBCMTD:stdargv.obj
 0001:00001fc0       _setargv                   0000000180002fc0 f   LIBCMTD:stdargv.obj
 0001:00002620       _invoke_watson_if_error    0000000180003620 f i LIBCMTD:stdenvp.obj
 0001:00002670       _setenvp                   0000000180003670 f   LIBCMTD:stdenvp.obj
 0001:00002880       ??0_LocaleUpdate@@QEAA@PEAUlocaleinfo_struct@@@Z 0000000180003880 f i LIBCMTD:dbgheap.obj
 0001:000029c0       ??1_LocaleUpdate@@QEAA@XZ  00000001800039c0 f i LIBCMTD:dbgheap.obj
 0001:00002a00       ?GetLocaleT@_LocaleUpdate@@QEAAPEAUlocaleinfo_struct@@XZ 0000000180003a00 f i LIBCMTD:dbgheap.obj
 0001:00002f40       _CrtCheckMemory            0000000180003f40 f   LIBCMTD:dbgheap.obj
 0001:000034e0       _CrtDumpMemoryLeaks        00000001800044e0 f   LIBCMTD:dbgheap.obj
 0001:000035a0       _CrtGetCheckCount          00000001800045a0 f   LIBCMTD:dbgheap.obj
 0001:000035b0       _CrtIsValidHeapPointer     00000001800045b0 f   LIBCMTD:dbgheap.obj
 0001:00003610       _CrtIsValidPointer         0000000180004610 f   LIBCMTD:dbgheap.obj
 0001:00003650       _CrtMemCheckpoint          0000000180004650 f   LIBCMTD:dbgheap.obj
 0001:000038e0       _CrtMemDumpAllObjectsSince 00000001800048e0 f   LIBCMTD:dbgheap.obj
 0001:00003930       _CrtSetCheckCount          0000000180004930 f   LIBCMTD:dbgheap.obj
 0001:00003950       _CrtSetDbgFlag             0000000180004950 f   LIBCMTD:dbgheap.obj
 0001:00003a90       _CrtSetDumpClient          0000000180004a90 f   LIBCMTD:dbgheap.obj
 0001:00003ac0       _calloc_dbg                0000000180004ac0 f   LIBCMTD:dbgheap.obj
 0001:00003b40       _calloc_dbg_impl           0000000180004b40 f   LIBCMTD:dbgheap.obj
 0001:00003bf0       _free_dbg                  0000000180004bf0 f   LIBCMTD:dbgheap.obj
 0001:00003c30       _free_dbg_nolock           0000000180004c30 f   LIBCMTD:dbgheap.obj
 0001:000047c0       _invoke_watson_if_oneof    00000001800057c0 f i LIBCMTD:dbgheap.obj
 0001:00004830       _malloc_dbg                0000000180005830 f   LIBCMTD:dbgheap.obj
 0001:00004880       _msize_dbg                 0000000180005880 f   LIBCMTD:dbgheap.obj
 0001:00004ad0       _nh_malloc_dbg             0000000180005ad0 f   LIBCMTD:dbgheap.obj
 0001:00004e60       _realloc_dbg               0000000180005e60 f   LIBCMTD:dbgheap.obj
 0001:000057d0       __security_init_cookie     00000001800067d0 f   LIBCMTD:gs_support.obj
 0001:000058f0       DllMain                    00000001800068f0 f   LIBCMTD:dllmain.obj
 0001:00005910       __crtGetEnvironmentStringsA 0000000180006910 f   LIBCMTD:a_env.obj
 0001:00005af0       __crtCaptureCurrentContext 0000000180006af0 f   LIBCMTD:winapisupp.obj
 0001:00005b90       __crtCapturePreviousContext 0000000180006b90 f   LIBCMTD:winapisupp.obj
 0001:00005c50       __crtFlsAlloc              0000000180006c50 f   LIBCMTD:winapisupp.obj
 0001:00005ca0       __crtFlsFree               0000000180006ca0 f   LIBCMTD:winapisupp.obj
 0001:00005cf0       __crtFlsGetValue           0000000180006cf0 f   LIBCMTD:winapisupp.obj
 0001:00005d40       __crtFlsSetValue           0000000180006d40 f   LIBCMTD:winapisupp.obj
 0001:00005da0       __crtInitializeCriticalSectionEx 0000000180006da0 f   LIBCMTD:winapisupp.obj
 0001:00005e10       __crtIsPackagedApp         0000000180006e10 f   LIBCMTD:winapisupp.obj
 0001:00005e50       __crtLoadWinApiPointers    0000000180006e50 f   LIBCMTD:winapisupp.obj
 0001:00006440       __crtTerminateProcess      0000000180007440 f   LIBCMTD:winapisupp.obj
 0001:00006460       __crtUnhandledException    0000000180007460 f   LIBCMTD:winapisupp.obj
 0001:00006490       _RTC_Initialize            0000000180007490 f   LIBCMTD:initsect.obj
 0001:000064d0       _RTC_Terminate             00000001800074d0 f   LIBCMTD:initsect.obj
 0001:00006510       __C_specific_handler       0000000180007510 f   LIBCMTD:chandler.obj
 0001:00006930       _CrtDefaultAllocHook       0000000180007930 f   LIBCMTD:dbghook.obj
 0001:00006950       __crt_debugger_hook        0000000180007950 f   LIBCMTD:dbghook.obj
 0001:00006960       _lock                      0000000180007960 f   LIBCMTD:mlock.obj
 0001:000069c0       _mtdeletelocks             00000001800079c0 f   LIBCMTD:mlock.obj
 0001:00006ae0       _mtinitlocknum             0000000180007ae0 f   LIBCMTD:mlock.obj
 0001:00006be0       _mtinitlocks               0000000180007be0 f   LIBCMTD:mlock.obj
 0001:00006c80       _unlock                    0000000180007c80 f   LIBCMTD:mlock.obj
 0001:00006cb0       __addlocaleref             0000000180007cb0 f   LIBCMTD:localref.obj
 0001:00006e00       __freetlocinfo             0000000180007e00 f   LIBCMTD:localref.obj
 0001:000071b0       __removelocaleref          00000001800081b0 f   LIBCMTD:localref.obj
 0001:00007310       __updatetlocinfo           0000000180008310 f   LIBCMTD:localref.obj
 0001:000073b0       _updatetlocinfoEx_nolock   00000001800083b0 f   LIBCMTD:localref.obj
 0001:00007450       __initmbctable             0000000180008450 f   LIBCMTD:mbctype.obj
 0001:00007ae0       __updatetmbcinfo           0000000180008ae0 f   LIBCMTD:mbctype.obj
 0001:00007bf0       _setmbcp                   0000000180008bf0 f   LIBCMTD:mbctype.obj
 0001:00007ee0       _setmbcp_nolock            0000000180008ee0 f   LIBCMTD:mbctype.obj
 0001:00008330       _call_reportfault          0000000180009330 f   LIBCMTD:invarg.obj
 0001:00008460       _initp_misc_invarg         0000000180009460 f   LIBCMTD:invarg.obj
 0001:00008480       _invalid_parameter         0000000180009480 f   LIBCMTD:invarg.obj
 0001:00008510       _invoke_watson             0000000180009510 f   LIBCMTD:invarg.obj
 0001:00008570       _FF_MSGBANNER              0000000180009570 f   LIBCMTD:crt0msg.obj
 0001:000085c0       _GET_RTERRMSG              00000001800095c0 f   LIBCMTD:crt0msg.obj
 0001:00008620       _NMSG_WRITE                0000000180009620 f   LIBCMTD:crt0msg.obj
 0001:00008a50       __doserrno                 0000000180009a50 f   LIBCMTD:dosmap.obj
 0001:00008a80       _dosmaperr                 0000000180009a80 f   LIBCMTD:dosmap.obj
 0001:00008ab0       _errno                     0000000180009ab0 f   LIBCMTD:dosmap.obj
 0001:00008ae0       _get_errno_from_oserr      0000000180009ae0 f   LIBCMTD:dosmap.obj
 0001:00008b70       _CrtDbgReportW             0000000180009b70 f   LIBCMTD:dbgrptw.obj
 0001:00008bf0       _CrtDbgReportWV            0000000180009bf0 f i LIBCMTD:dbgrptw.obj
 0001:00008c50       __crtMessageWindowW        0000000180009c50 f   LIBCMTD:dbgrptw.obj
 0001:000092d0       _FindPESection             000000018000a2d0 f   LIBCMTD:pesect.obj
 0001:00009380       _IsNonwritableInCurrentImage 000000018000a380 f   LIBCMTD:pesect.obj
 0001:00009410       _ValidateImageBase         000000018000a410 f   LIBCMTD:pesect.obj
 0001:00009490       __onexitinit               000000018000a490 f   LIBCMTD:onexit.obj
 0001:00009500       _onexit                    000000018000a500 f   LIBCMTD:onexit.obj
 0001:00009710       atexit                     000000018000a710 f   LIBCMTD:onexit.obj
 0001:00009750       _initp_misc_cfltcvt_tab    000000018000a750 f   LIBCMTD:cmiscdat.obj
 0001:000097a0       ?_inconsistency@@YAXXZ     000000018000a7a0 f   LIBCMTD:hooks.obj
 0001:000097d0       ?terminate@@YAXXZ          000000018000a7d0 f   LIBCMTD:hooks.obj
 0001:00009800       _initp_eh_hooks            000000018000a800 f   LIBCMTD:hooks.obj
 0001:00009830       _callnewh                  000000018000a830 f   LIBCMTD:handler.obj
 0001:00009870       _initp_heap_handler        000000018000a870 f   LIBCMTD:handler.obj
 0001:00009890       _initp_misc_purevirt       000000018000a890 f   LIBCMTD:inithelp.obj
 0001:000098b0       __get_sigabrt              000000018000a8b0 f   LIBCMTD:winsig.obj
 0001:000098d0       _initp_misc_winsig         000000018000a8d0 f   LIBCMTD:winsig.obj
 0001:00009910       raise                      000000018000a910 f   LIBCMTD:winsig.obj
 0001:00009d80       _initp_misc_rand_s         000000018000ad80 f   LIBCMTD:rand_s.obj
 0001:00009db0       _local_unwind              000000018000adb0 f   LIBCMTD:jmpuwind.obj
 0001:00009de0       _NLG_Notify                000000018000ade0 f   LIBCMTD:jmpuwind.obj
 0001:00009e00       __NLG_Dispatch2            000000018000ae00 f   LIBCMTD:jmpuwind.obj
 0001:00009e10       __NLG_Return2              000000018000ae10 f   LIBCMTD:jmpuwind.obj
 0001:00009e20       __initstdio                000000018000ae20 f   LIBCMTD:_file.obj
 0001:00009f20       __endstdio                 000000018000af20 f   LIBCMTD:_file.obj
 0001:00009f60       __iob_func                 000000018000af60 f   LIBCMTD:_file.obj
 0001:00009f70       _lock_file                 000000018000af70 f   LIBCMTD:_file.obj
 0001:0000a000       _lock_file2                000000018000b000 f   LIBCMTD:_file.obj
 0001:0000a050       _unlock_file               000000018000b050 f   LIBCMTD:_file.obj
 0001:0000a0e0       _unlock_file2              000000018000b0e0 f   LIBCMTD:_file.obj
 0001:0000a200       _ismbblead                 000000018000b200 f   LIBCMTD:ismbbyte.obj
 0001:0000a230       strcpy_s                   000000018000b230 f   LIBCMTD:strcpy_s.obj
 0001:0000a6e0       strlen                     000000018000b6e0 f   LIBCMTD:strlen.obj
 0001:0000a790       _chvalidator               000000018000b790 f   LIBCMTD:isctype.obj
 0001:0000a800       _chvalidator_l             000000018000b800 f   LIBCMTD:isctype.obj
 0001:0000a910       _isctype_l                 000000018000b910 f   LIBCMTD:isctype.obj
 0001:0000ab00       memmove                    000000018000bb00 f   LIBCMTD:memcpy.obj
 0001:0000ab00       memcpy                     000000018000bb00 f   LIBCMTD:memcpy.obj
 0001:0000b080       memset                     000000018000c080 f   LIBCMTD:memset.obj
 0001:0000b2b0       _free_base                 000000018000c2b0 f   LIBCMTD:free.obj
 0001:0000b310       _realloc_base              000000018000c310 f   LIBCMTD:realloc.obj
 0001:0000b430       _expand_base               000000018000c430 f   LIBCMTD:expand.obj
 0001:0000b610       _CrtDbgReport              000000018000c610 f   LIBCMTD:dbgrpt.obj
 0001:0000b690       _CrtDbgReportV             000000018000c690 f i LIBCMTD:dbgrpt.obj
 0001:0000b6f0       __crtMessageWindowA        000000018000c6f0 f   LIBCMTD:dbgrpt.obj
 0001:0000bd70       _heapchk                   000000018000cd70 f   LIBCMTD:heapchk.obj
 0001:0000bdb0       _snprintf_s                000000018000cdb0 f   LIBCMTD:sprintf.obj
 0001:0000be10       sprintf_s                  000000018000ce10 f   LIBCMTD:sprintf.obj
 0001:0000be60       _heap_alloc_base           000000018000ce60 f i LIBCMTD:malloc.obj
 0001:0000bed0       _malloc_base               000000018000ced0 f   LIBCMTD:malloc.obj
 0001:0000bf70       __free_lconv_mon           000000018000cf70 f   LIBCMTD:initmon.obj
 0001:0000c180       __free_lconv_num           000000018000d180 f   LIBCMTD:initnum.obj
 0001:0000c260       __free_lc_time             000000018000d260 f   LIBCMTD:inittime.obj
 0001:0000d1a0       _MallocaIsSizeInRange      000000018000e1a0 f i LIBCMTD:a_map.obj
 0001:0000d1e0       _MarkAllocaS               000000018000e1e0 f i LIBCMTD:a_map.obj
 0001:0000d210       __crtLCMapStringA          000000018000e210 f   LIBCMTD:a_map.obj
 0001:0000d2c0       _freea                     000000018000e2c0 f i LIBCMTD:a_map.obj
 0001:0000d510       __crtGetStringTypeA        000000018000e510 f   LIBCMTD:a_str.obj
 0001:0000d630       ?_GetEstablisherFrame@@YAPEA_KPEA_KPEAU_xDISPATCHER_CONTEXT@@PEBU_s_FuncInfo@@0@Z 000000018000e630 f   LIBCMTD:trnsctrl.obj
 0001:0000d7a0       ?_GetRangeOfTrysToCheck@@YAPEBU_s_TryBlockMapEntry@@PEA_KPEBU_s_FuncInfo@@HHPEAI2PEAU_xDISPATCHER_CONTEXT@@@Z 000000018000e7a0 f   LIBCMTD:trnsctrl.obj
 0001:0000d9c0       ?__FrameUnwindToEmptyState@@YAXPEA_KPEAU_xDISPATCHER_CONTEXT@@PEBU_s_FuncInfo@@@Z 000000018000e9c0 f   LIBCMTD:trnsctrl.obj
 0001:0000da60       ?__SehTransFilter@@YAHPEAU_EXCEPTION_POINTERS@@PEAUEHExceptionRecord@@PEA_KPEAU_CONTEXT@@PEAU_xDISPATCHER_CONTEXT@@PEBU_s_FuncInfo@@PEAH@Z 000000018000ea60 f   LIBCMTD:trnsctrl.obj
 0001:0000db20       _CallSETranslator          000000018000eb20 f   LIBCMTD:trnsctrl.obj
 0001:0000dba0       _CreateFrameInfo           000000018000eba0 f   LIBCMTD:trnsctrl.obj
 0001:0000dc20       _FindAndUnlinkFrame        000000018000ec20 f   LIBCMTD:trnsctrl.obj
 0001:0000dcb0       _GetImageBase              000000018000ecb0 f   LIBCMTD:trnsctrl.obj
 0001:0000dcd0       _GetThrowImageBase         000000018000ecd0 f   LIBCMTD:trnsctrl.obj
 0001:0000dcf0       _IsExceptionObjectToBeDestroyed 000000018000ecf0 f   LIBCMTD:trnsctrl.obj
 0001:0000dd50       _SetImageBase              000000018000ed50 f   LIBCMTD:trnsctrl.obj
 0001:0000dd70       _SetThrowImageBase         000000018000ed70 f   LIBCMTD:trnsctrl.obj
 0001:0000dd90       _UnwindNestedFrames        000000018000ed90 f   LIBCMTD:trnsctrl.obj
 0001:0000df00       __CxxFrameHandler3         000000018000ef00 f   LIBCMTD:trnsctrl.obj
 0001:0000dfc0       wcscat_s                   000000018000efc0 f   LIBCMTD:wcscat_s.obj
 0001:0000e5f0       wcscpy_s                   000000018000f5f0 f   LIBCMTD:wcscpy_s.obj
 0001:0000eaa0       wcslen                     000000018000faa0 f   LIBCMTD:wcslen.obj
 0001:0000eaf0       wcsncpy_s                  000000018000faf0 f   LIBCMTD:wcsncpy_s.obj
 0001:0000f190       _set_error_mode            0000000180010190 f   LIBCMTD:errmode.obj
 0001:0000f2a0       __crtMessageBoxW           00000001800102a0 f   LIBCMTD:crtmboxw.obj
 0001:0000f710       __crtMessageBoxWaitThreadW 0000000180010710 f   LIBCMTD:crtmboxw.obj
 0001:0000f760       memcpy_s                   0000000180010760 f   LIBCMTD:memcpy_s.obj
 0001:0000f9d0       _snwprintf_s               00000001800109d0 f   LIBCMTD:swprintf.obj
 0001:0000fa30       _CrtDbgBreak               0000000180010a30 f   LIBCMTD:dbgrptt.obj
 0001:0000fa40       _VCrtDbgReportA            0000000180010a40 f   LIBCMTD:dbgrptt.obj
 0001:00010410       _VCrtDbgReportW            0000000180011410 f   LIBCMTD:dbgrptt.obj
 0001:00010f60       __chkstk                   0000000180011f60 f   LIBCMTD:chkstk.obj
 0001:00010f60       _alloca_probe              0000000180011f60 f   LIBCMTD:chkstk.obj
 0001:00010fb0       _fptrap                    0000000180011fb0 f   LIBCMTD:crt0fp.obj
 0001:00010fd0       abort                      0000000180011fd0 f   LIBCMTD:abort.obj
 0001:00011060       GetTableIndexFromLocaleName 0000000180012060 f   LIBCMTD:winapinls.obj
 0001:00011110       __crtDownlevelLocaleNameToLCID 0000000180012110 f   LIBCMTD:winapinls.obj
 0001:00011170       __crtLCMapStringEx         0000000180012170 f   LIBCMTD:winapinls.obj
 0001:00011250       __wcsnicmp_ascii           0000000180012250 f   LIBCMTD:winapinls.obj
 0001:00011360       _fileno                    0000000180012360 f   LIBCMTD:fileno.obj
 0001:00011420       _isatty                    0000000180012420 f   LIBCMTD:isatty.obj
 0001:00011530       _fflush_nolock             0000000180012530 f   LIBCMTD:fflush.obj
 0001:000115b0       _flush                     00000001800125b0 f   LIBCMTD:fflush.obj
 0001:000116a0       _flushall                  00000001800126a0 f   LIBCMTD:fflush.obj
 0001:00011830       _fcloseall                 0000000180012830 f   LIBCMTD:closeall.obj
 0001:00011930       _isleadbyte_l              0000000180012930 f i LIBCMTD:_wctype.obj
 0001:00011990       isleadbyte                 0000000180012990 f i LIBCMTD:_wctype.obj
 0001:000119b0       _locterm                   00000001800129b0 f   LIBCMTD:wsetloca.obj
 0001:00011a00       __isa_available_init       0000000180012a00 f   LIBCMTD:cpu_disp.obj
 0001:00011d40       _flsbuf                    0000000180012d40 f   LIBCMTD:_flsbuf.obj
 0001:000120e0       _vsnprintf_helper          00000001800130e0 f   LIBCMTD:vsnprnc.obj
 0001:000123c0       _vsnprintf_s               00000001800133c0 f   LIBCMTD:vsnprnc.obj
 0001:00012410       _vsnprintf_s_l             0000000180013410 f   LIBCMTD:vsnprnc.obj
 0001:000129b0       _vsprintf_s_l              00000001800139b0 f   LIBCMTD:vsnprnc.obj
 0001:00012d40       get_int64_arg              0000000180013d40 f i LIBCMTD:output.obj
 0001:00012db0       get_int_arg                0000000180013db0 f i LIBCMTD:output.obj
 0001:00012e10       get_short_arg              0000000180013e10 f i LIBCMTD:output.obj
 0001:00012e80       free                       0000000180013e80 f   LIBCMTD:dbgfree.obj
 0001:00012ea0       malloc                     0000000180013ea0 f   LIBCMTD:dbgmalloc.obj
 0001:00012ee0       __DestructExceptionObject  0000000180013ee0 f   LIBCMTD:frame.obj
 0001:00012fd0       ??0bad_exception@std@@QEAA@AEBV01@@Z 0000000180013fd0 f i LIBCMTD:frame.obj
 0001:00013010       ??0bad_exception@std@@QEAA@PEBD@Z 0000000180014010 f i LIBCMTD:frame.obj
 0001:00013050       ??1bad_exception@std@@UEAA@XZ 0000000180014050 f i LIBCMTD:frame.obj
 0001:00013080       ??_Gbad_exception@std@@UEAAPEAXI@Z 0000000180014080 f i LIBCMTD:frame.obj
 0001:00013080       ??_Ebad_exception@std@@UEAAPEAXI@Z 0000000180014080 f i LIBCMTD:frame.obj
 0001:00014050       __AdjustPointer            0000000180015050 f   LIBCMTD:frame.obj
 0001:000140d0       __BuildCatchObject         00000001800150d0 f   LIBCMTD:frame.obj
 0001:00014210       __BuildCatchObjectHelper   0000000180015210 f   LIBCMTD:frame.obj
 0001:00014640       __CxxCallCatchBlock        0000000180015640 f   LIBCMTD:frame.obj
 0001:000148b0       __FrameUnwindFilter        00000001800158b0 f   LIBCMTD:frame.obj
 0001:00014940       __FrameUnwindToState       0000000180015940 f   LIBCMTD:frame.obj
 0001:00014ba0       __InternalCxxFrameHandler  0000000180015ba0 f   LIBCMTD:frame.obj
 0001:00014fc0       __TypeMatch                0000000180015fc0 f   LIBCMTD:frame.obj
 0001:000151b0       ?__GetCurrentState@@YAHPEA_KPEAU_xDISPATCHER_CONTEXT@@PEBU_s_FuncInfo@@@Z 00000001800161b0 f   LIBCMTD:ehstate.obj
 0001:00015210       ?__GetUnwindTryBlock@@YAHPEA_KPEAU_xDISPATCHER_CONTEXT@@PEBU_s_FuncInfo@@@Z 0000000180016210 f   LIBCMTD:ehstate.obj
 0001:00015260       ?__SetState@@YAXPEA_KPEAU_xDISPATCHER_CONTEXT@@PEBU_s_FuncInfo@@H@Z 0000000180016260 f   LIBCMTD:ehstate.obj
 0001:00015290       ?__SetUnwindTryBlock@@YAXPEA_KPEAU_xDISPATCHER_CONTEXT@@PEBU_s_FuncInfo@@H@Z 0000000180016290 f   LIBCMTD:ehstate.obj
 0001:00015300       ?__StateFromControlPc@@YAHPEBU_s_FuncInfo@@PEAU_xDISPATCHER_CONTEXT@@@Z 0000000180016300 f   LIBCMTD:ehstate.obj
 0001:00015330       ?__StateFromIp@@YAHPEBU_s_FuncInfo@@PEAU_xDISPATCHER_CONTEXT@@_J@Z 0000000180016330 f   LIBCMTD:ehstate.obj
 0001:00015410       _vsnwprintf_s              0000000180016410 f   LIBCMTD:vswprnc.obj
 0001:00015460       _vsnwprintf_s_l            0000000180016460 f   LIBCMTD:vswprnc.obj
 0001:00015a10       _vswprintf_helper          0000000180016a10 f   LIBCMTD:vswprnc.obj
 0001:00015d60       strcat_s                   0000000180016d60 f   LIBCMTD:strcat_s.obj
 0001:00016370       _itoa_s                    0000000180017370 f   LIBCMTD:xtoas.obj
 0001:000169a0       _mbstowcs_l_helper         00000001800179a0 f   LIBCMTD:mbstowcs.obj
 0001:00016f10       _mbstowcs_s_l              0000000180017f10 f   LIBCMTD:mbstowcs.obj
 0001:000174a0       mbstowcs_s                 00000001800184a0 f   LIBCMTD:mbstowcs.obj
 0001:00017580       _wcstombs_l_helper         0000000180018580 f   LIBCMTD:wcstombs.obj
 0001:00017d90       _wcstombs_s_l              0000000180018d90 f   LIBCMTD:wcstombs.obj
 0001:00018290       wcstombs_s                 0000000180019290 f   LIBCMTD:wcstombs.obj
 0001:000182e0       _itow_s                    00000001800192e0 f   LIBCMTD:xtows.obj
 0001:00018930       __GSHandlerCheck_SEH       0000000180019930 f   LIBCMTD:gshandlerseh.obj
 0001:000189f0       _commit                    00000001800199f0 f   LIBCMTD:commit.obj
 0001:00018c80       _write                     0000000180019c80 f   LIBCMTD:write.obj
 0001:00018f20       _write_nolock              0000000180019f20 f   LIBCMTD:write.obj
 0001:0001a060       _fclose_nolock             000000018001b060 f   LIBCMTD:fclose.obj
 0001:0001a1b0       fclose                     000000018001b1b0 f   LIBCMTD:fclose.obj
 0001:0001a2c0       memcmp                     000000018001b2c0 f   LIBCMTD:memcmp.obj
 0001:0001a390       _lseeki64                  000000018001b390 f   LIBCMTD:lseeki64.obj
 0001:0001a640       _lseeki64_nolock           000000018001b640 f   LIBCMTD:lseeki64.obj
 0001:0001a760       _getbuf                    000000018001b760 f   LIBCMTD:_getbuf.obj
 0001:0001a870       _output_s_l                000000018001b870 f   LIBCMTD:outputs.obj
 0001:0001c450       _get_printf_count_output   000000018001d450 f   LIBCMTD:printf.obj
 0001:0001c480       _wctomb_s_l                000000018001d480 f   LIBCMTD:wctomb.obj
 0001:0001c920       wctomb_s                   000000018001d920 f   LIBCMTD:wctomb.obj
 0001:0001c970       ??3@YAXPEAX@Z              000000018001d970 f   LIBCMTD:dbgdel.obj
 0001:0001ca50       strcmp                     000000018001da50 f   LIBCMTD:strcmp.obj
 0001:0001cac0       ?_ValidateExecute@@YAHP6A_JXZ@Z 000000018001dac0 f   LIBCMTD:validate.obj
 0001:0001caf0       ?_ValidateRead@@YAHPEBXI@Z 000000018001daf0 f   LIBCMTD:validate.obj
 0001:0001caf0       ?_ValidateWrite@@YAHPEAXI@Z 000000018001daf0 f   LIBCMTD:validate.obj
 0001:0001cb30       _CallSettingFrame          000000018001db30 f   LIBCMTD:handlers.obj
 0001:0001cb70       _GetNextInstrOffset        000000018001db70 f   LIBCMTD:handlers.obj
 0001:0001cb80       ??1type_info@@UEAA@XZ      000000018001db80 f   LIBCMTD:typinfo.obj
 0001:0001cbb0       ??8type_info@@QEBA_NAEBV0@@Z 000000018001dbb0 f   LIBCMTD:typinfo.obj
 0001:0001cc00       ??_Gtype_info@@UEAAPEAXI@Z 000000018001dc00 f i LIBCMTD:typinfo.obj
 0001:0001cc00       ??_Etype_info@@UEAAPEAXI@Z 000000018001dc00 f i LIBCMTD:typinfo.obj
 0001:0001cc40       ??0exception@std@@QEAA@AEBQEBD@Z 000000018001dc40 f   LIBCMTD:stdexcpt.obj
 0001:0001cc90       ??0exception@std@@QEAA@AEBV01@@Z 000000018001dc90 f   LIBCMTD:stdexcpt.obj
 0001:0001cce0       ??1exception@std@@UEAA@XZ  000000018001dce0 f   LIBCMTD:stdexcpt.obj
 0001:0001cd10       ??4exception@std@@QEAAAEAV01@AEBV01@@Z 000000018001dd10 f   LIBCMTD:stdexcpt.obj
 0001:0001cd80       ??_Eexception@std@@UEAAPEAXI@Z 000000018001dd80 f i LIBCMTD:stdexcpt.obj
 0001:0001cd80       ??_Gexception@std@@UEAAPEAXI@Z 000000018001dd80 f i LIBCMTD:stdexcpt.obj
 0001:0001cdc0       ?_Copy_str@exception@std@@AEAAXPEBD@Z 000000018001ddc0 f   LIBCMTD:stdexcpt.obj
 0001:0001ce30       ?_Tidy@exception@std@@AEAAXXZ 000000018001de30 f   LIBCMTD:stdexcpt.obj
 0001:0001ce70       ?what@exception@std@@UEBAPEBDXZ 000000018001de70 f   LIBCMTD:stdexcpt.obj
 0001:0001ceb0       _CxxThrowException         000000018001deb0 f   LIBCMTD:throw.obj
 0001:0001cfd0       _woutput_s_l               000000018001dfd0 f   LIBCMTD:woutputs.obj
 0001:0001e8c0       _fputwc_nolock             000000018001f8c0 f   LIBCMTD:fputwc.obj
 0001:0001ed20       _mbtowc_l                  000000018001fd20 f   LIBCMTD:mbtowc.obj
 0001:0001f060       mbtowc                     0000000180020060 f   LIBCMTD:mbtowc.obj
 0001:0001f090       __lock_fhandle             0000000180020090 f   LIBCMTD:osfinfo.obj
 0001:0001f160       _free_osfhnd               0000000180020160 f   LIBCMTD:osfinfo.obj
 0001:0001f290       _get_osfhandle             0000000180020290 f   LIBCMTD:osfinfo.obj
 0001:0001f490       _unlock_fhandle            0000000180020490 f   LIBCMTD:osfinfo.obj
 0001:0001f4d0       _putwch_nolock             00000001800204d0 f   LIBCMTD:putwch.obj
 0001:0001f540       _close                     0000000180020540 f   LIBCMTD:close.obj
 0001:0001f7c0       _close_nolock              00000001800207c0 f   LIBCMTD:close.obj
 0001:0001f8d0       _freebuf                   00000001800208d0 f   LIBCMTD:_freebuf.obj
 0001:0001f990       ?_Type_info_dtor@type_info@@CAXPEAV1@@Z 0000000180020990 f   LIBCMTD:typname.obj
 0001:0001faa0       _flswbuf                   0000000180020aa0 f   LIBCMTD:_flswbuf.obj
 0001:0001fe50       __termconout               0000000180020e50 f   LIBCMTD:initcon.obj
 0001:0001fe80       __initconout               0000000180020e80 f   LIBCMTD:initcon.obj
 0001:0001fed0       __crt_atoflt_l             0000000180020ed0 f   LIBCMTD:atodbl.obj
 0001:00020070       _atodbl_l                  0000000180021070 f   LIBCMTD:atodbl.obj
 0001:000201f0       _atoflt_l                  00000001800211f0 f   LIBCMTD:atodbl.obj
 0001:00020220       _fpmath                    0000000180021220 f   LIBCMTD:fpinit.obj
 0001:00020240       _cfltcvt_init              0000000180021240 f   LIBCMTD:fpinit.obj
 0001:00020350       _CopyMan                   0000000180021350 f i LIBCMTD:intrncvt.obj
 0001:000203c0       _FillZeroMan               00000001800213c0 f i LIBCMTD:intrncvt.obj
 0001:00020400       _IncMan                    0000000180021400 f i LIBCMTD:intrncvt.obj
 0001:000204e0       _IsZeroMan                 00000001800214e0 f i LIBCMTD:intrncvt.obj
 0001:00020520       _RoundMan                  0000000180021520 f i LIBCMTD:intrncvt.obj
 0001:00020630       _ShrMan                    0000000180021630 f i LIBCMTD:intrncvt.obj
 0001:00020770       _ZeroTail                  0000000180021770 f i LIBCMTD:intrncvt.obj
 0001:00020820       __addl                     0000000180021820 f i LIBCMTD:intrncvt.obj
 0001:00020880       _ld12cvt                   0000000180021880 f i LIBCMTD:intrncvt.obj
 0001:00020bf0       _ld12tod                   0000000180021bf0 f   LIBCMTD:intrncvt.obj
 0001:00020c20       _ld12tof                   0000000180021c20 f   LIBCMTD:intrncvt.obj
 0001:00020c50       __ld12mul                  0000000180021c50 f i LIBCMTD:strgtold.obj
 0001:000211c0       __multtenpow12             00000001800221c0 f i LIBCMTD:strgtold.obj
 0001:000212f0       __shl_12                   00000001800222f0 f i LIBCMTD:strgtold.obj
 0001:00021390       __shr_12                   0000000180022390 f i LIBCMTD:strgtold.obj
 0001:00021430       __strgtold12_l             0000000180022430 f   LIBCMTD:strgtold.obj
 0001:00022210       ?strrchr@@YAPEADPEADH@Z    0000000180023210 f i LIBCMTD:cvt.obj
 0001:00022230       _cfltcvt                   0000000180023230 f   LIBCMTD:cvt.obj
 0001:00022280       _cfltcvt_l                 0000000180023280 f   LIBCMTD:cvt.obj
 0001:000223a0       _cftoa_l                   00000001800233a0 f   LIBCMTD:cvt.obj
 0001:00022ea0       _cftoe                     0000000180023ea0 f   LIBCMTD:cvt.obj
 0001:000234c0       _cftoe_l                   00000001800244c0 f   LIBCMTD:cvt.obj
 0001:00023bc0       _cftof_l                   0000000180024bc0 f   LIBCMTD:cvt.obj
 0001:00023ea0       _cftog_l                   0000000180024ea0 f   LIBCMTD:cvt.obj
 0001:00024260       _cropzeros                 0000000180025260 f   LIBCMTD:cvt.obj
 0001:00024280       _cropzeros_l               0000000180025280 f   LIBCMTD:cvt.obj
 0001:00024400       _fassign                   0000000180025400 f   LIBCMTD:cvt.obj
 0001:00024430       _fassign_l                 0000000180025430 f   LIBCMTD:cvt.obj
 0001:000244a0       _forcdecpt                 00000001800254a0 f   LIBCMTD:cvt.obj
 0001:000244c0       _forcdecpt_l               00000001800254c0 f   LIBCMTD:cvt.obj
 0001:000245c0       _positive                  00000001800255c0 f   LIBCMTD:cvt.obj
 0001:00024650       __add_12                   0000000180025650 f i LIBCMTD:mantold.obj
 0001:00024730       __mtold12                  0000000180025730 f   LIBCMTD:mantold.obj
 0001:000248c0       _isdigit_l                 00000001800258c0 f i LIBCMTD:_ctype.obj
 0001:00024960       isdigit                    0000000180025960 f i LIBCMTD:_ctype.obj
 0001:000249a0       _tolower_l                 00000001800259a0 f   LIBCMTD:tolower.obj
 0001:00024d00       tolower                    0000000180025d00 f   LIBCMTD:tolower.obj
 0001:00024d50       strrchr                    0000000180025d50 f   LIBCMTD:strrchr.obj
 0001:00025170       _fptostr                   0000000180026170 f   LIBCMTD:_fptostr.obj
 0001:000255d0       __dtold                    00000001800265d0 f   LIBCMTD:cfout.obj
 0001:00025780       _fltout2                   0000000180026780 f   LIBCMTD:cfout.obj
 0001:00025890       $I10_OUTPUT                0000000180026890 f   LIBCMTD:x10fout.obj
 0001:00026142       IsProcessorFeaturePresent  0000000180027142 f   kernel32:KERNEL32.dll
 0001:00026148       RtlUnwindEx                0000000180027148 f   kernel32:KERNEL32.dll
 0002:00000000       __imp_GetCommandLineA      0000000180028000     kernel32:KERNEL32.dll
 0002:00000008       __imp_GetCurrentThreadId   0000000180028008     kernel32:KERNEL32.dll
 0002:00000010       __imp_IsDebuggerPresent    0000000180028010     kernel32:KERNEL32.dll
 0002:00000018       __imp_IsProcessorFeaturePresent 0000000180028018     kernel32:KERNEL32.dll
 0002:00000020       __imp_GetLastError         0000000180028020     kernel32:KERNEL32.dll
 0002:00000028       __imp_SetLastError         0000000180028028     kernel32:KERNEL32.dll
 0002:00000030       __imp_EncodePointer        0000000180028030     kernel32:KERNEL32.dll
 0002:00000038       __imp_DecodePointer        0000000180028038     kernel32:KERNEL32.dll
 0002:00000040       __imp_ExitProcess          0000000180028040     kernel32:KERNEL32.dll
 0002:00000048       __imp_GetModuleHandleExW   0000000180028048     kernel32:KERNEL32.dll
 0002:00000050       __imp_GetProcAddress       0000000180028050     kernel32:KERNEL32.dll
 0002:00000058       __imp_MultiByteToWideChar  0000000180028058     kernel32:KERNEL32.dll
 0002:00000060       __imp_WideCharToMultiByte  0000000180028060     kernel32:KERNEL32.dll
 0002:00000068       __imp_GetProcessHeap       0000000180028068     kernel32:KERNEL32.dll
 0002:00000070       __imp_GetStdHandle         0000000180028070     kernel32:KERNEL32.dll
 0002:00000078       __imp_GetFileType          0000000180028078     kernel32:KERNEL32.dll
 0002:00000080       __imp_DeleteCriticalSection 0000000180028080     kernel32:KERNEL32.dll
 0002:00000088       __imp_GetStartupInfoW      0000000180028088     kernel32:KERNEL32.dll
 0002:00000090       __imp_GetModuleFileNameA   0000000180028090     kernel32:KERNEL32.dll
 0002:00000098       __imp_HeapSize             0000000180028098     kernel32:KERNEL32.dll
 0002:000000a0       __imp_HeapValidate         00000001800280a0     kernel32:KERNEL32.dll
 0002:000000a8       __imp_GetSystemInfo        00000001800280a8     kernel32:KERNEL32.dll
 0002:000000b0       __imp_QueryPerformanceCounter 00000001800280b0     kernel32:KERNEL32.dll
 0002:000000b8       __imp_GetCurrentProcessId  00000001800280b8     kernel32:KERNEL32.dll
 0002:000000c0       __imp_GetSystemTimeAsFileTime 00000001800280c0     kernel32:KERNEL32.dll
 0002:000000c8       __imp_GetEnvironmentStringsW 00000001800280c8     kernel32:KERNEL32.dll
 0002:000000d0       __imp_FreeEnvironmentStringsW 00000001800280d0     kernel32:KERNEL32.dll
 0002:000000d8       __imp_RtlCaptureContext    00000001800280d8     kernel32:KERNEL32.dll
 0002:000000e0       __imp_RtlLookupFunctionEntry 00000001800280e0     kernel32:KERNEL32.dll
 0002:000000e8       __imp_RtlVirtualUnwind     00000001800280e8     kernel32:KERNEL32.dll
 0002:000000f0       __imp_UnhandledExceptionFilter 00000001800280f0     kernel32:KERNEL32.dll
 0002:000000f8       __imp_SetUnhandledExceptionFilter 00000001800280f8     kernel32:KERNEL32.dll
 0002:00000100       __imp_InitializeCriticalSectionAndSpinCount 0000000180028100     kernel32:KERNEL32.dll
 0002:00000108       __imp_GetCurrentProcess    0000000180028108     kernel32:KERNEL32.dll
 0002:00000110       __imp_TerminateProcess     0000000180028110     kernel32:KERNEL32.dll
 0002:00000118       __imp_TlsAlloc             0000000180028118     kernel32:KERNEL32.dll
 0002:00000120       __imp_TlsGetValue          0000000180028120     kernel32:KERNEL32.dll
 0002:00000128       __imp_TlsSetValue          0000000180028128     kernel32:KERNEL32.dll
 0002:00000130       __imp_TlsFree              0000000180028130     kernel32:KERNEL32.dll
 0002:00000138       __imp_GetModuleHandleW     0000000180028138     kernel32:KERNEL32.dll
 0002:00000140       __imp_RtlUnwindEx          0000000180028140     kernel32:KERNEL32.dll
 0002:00000148       __imp_EnterCriticalSection 0000000180028148     kernel32:KERNEL32.dll
 0002:00000150       __imp_LeaveCriticalSection 0000000180028150     kernel32:KERNEL32.dll
 0002:00000158       __imp_IsValidCodePage      0000000180028158     kernel32:KERNEL32.dll
 0002:00000160       __imp_GetACP               0000000180028160     kernel32:KERNEL32.dll
 0002:00000168       __imp_GetOEMCP             0000000180028168     kernel32:KERNEL32.dll
 0002:00000170       __imp_GetCPInfo            0000000180028170     kernel32:KERNEL32.dll
 0002:00000178       __imp_WriteFile            0000000180028178     kernel32:KERNEL32.dll
 0002:00000180       __imp_GetModuleFileNameW   0000000180028180     kernel32:KERNEL32.dll
 0002:00000188       __imp_LoadLibraryExW       0000000180028188     kernel32:KERNEL32.dll
 0002:00000190       __imp_HeapFree             0000000180028190     kernel32:KERNEL32.dll
 0002:00000198       __imp_HeapReAlloc          0000000180028198     kernel32:KERNEL32.dll
 0002:000001a0       __imp_HeapQueryInformation 00000001800281a0     kernel32:KERNEL32.dll
 0002:000001a8       __imp_HeapAlloc            00000001800281a8     kernel32:KERNEL32.dll
 0002:000001b0       __imp_GetStringTypeW       00000001800281b0     kernel32:KERNEL32.dll
 0002:000001b8       __imp_OutputDebugStringW   00000001800281b8     kernel32:KERNEL32.dll
 0002:000001c0       __imp_WaitForSingleObjectEx 00000001800281c0     kernel32:KERNEL32.dll
 0002:000001c8       __imp_CreateThread         00000001800281c8     kernel32:KERNEL32.dll
 0002:000001d0       __imp_OutputDebugStringA   00000001800281d0     kernel32:KERNEL32.dll
 0002:000001d8       __imp_WriteConsoleW        00000001800281d8     kernel32:KERNEL32.dll
 0002:000001e0       __imp_LCMapStringW         00000001800281e0     kernel32:KERNEL32.dll
 0002:000001e8       __imp_RtlPcToFileHeader    00000001800281e8     kernel32:KERNEL32.dll
 0002:000001f0       __imp_RaiseException       00000001800281f0     kernel32:KERNEL32.dll
 0002:000001f8       __imp_FlushFileBuffers     00000001800281f8     kernel32:KERNEL32.dll
 0002:00000200       __imp_GetConsoleCP         0000000180028200     kernel32:KERNEL32.dll
 0002:00000208       __imp_GetConsoleMode       0000000180028208     kernel32:KERNEL32.dll
 0002:00000210       __imp_SetFilePointerEx     0000000180028210     kernel32:KERNEL32.dll
 0002:00000218       __imp_SetStdHandle         0000000180028218     kernel32:KERNEL32.dll
 0002:00000220       __imp_CloseHandle          0000000180028220     kernel32:KERNEL32.dll
 0002:00000228       __imp_CreateFileW          0000000180028228     kernel32:KERNEL32.dll
 0002:00000230       \177KERNEL32_NULL_THUNK_DATA 0000000180028230     kernel32:KERNEL32.dll
 0002:00000238       __xc_a                     0000000180028238     LIBCMTD:crt0init.obj
 0002:00000240       __xc_z                     0000000180028240     LIBCMTD:crt0init.obj
 0002:00000248       __xi_a                     0000000180028248     LIBCMTD:crt0init.obj
 0002:00000270       __xi_z                     0000000180028270     LIBCMTD:crt0init.obj
 0002:00000278       __xp_a                     0000000180028278     LIBCMTD:crt0init.obj
 0002:00000298       __xp_z                     0000000180028298     LIBCMTD:crt0init.obj
 0002:000002a0       __xt_a                     00000001800282a0     LIBCMTD:crt0init.obj
 0002:000002a8       __xt_z                     00000001800282a8     LIBCMTD:crt0init.obj
 0002:000002f0       _pDefaultRawDllMain        00000001800282f0     LIBCMTD:dllcrt0.obj
 0002:000002f0       _pRawDllMain               00000001800282f0     LIBCMTD:dllcrt0.obj
 0002:000002f8       ??_C@_0CL@OOIKPIHN@f?3?2dd?2vctools?2crt?2crtw32?2startup@ 00000001800282f8     LIBCMTD:dllcrt0.obj
 0002:00000340       _XcptActTab                0000000180028340     LIBCMTD:winxfltr.obj
 0002:00000400       _XcptActTabCount           0000000180028400     LIBCMTD:winxfltr.obj
 0002:00000404       _XcptActTabSize            0000000180028404     LIBCMTD:winxfltr.obj
 0002:00000408       _First_FPE_Indx            0000000180028408     LIBCMTD:winxfltr.obj
 0002:0000040c       _Num_FPE                   000000018002840c     LIBCMTD:winxfltr.obj
 0002:00000410       ??_C@_0CM@KPPOKOAI@f?3?2dd?2vctools?2crt?2crtw32?2startup@ 0000000180028410     LIBCMTD:tidtable.obj
 0002:00000440       ??_C@_1BI@BGOHAHKC@?$AAm?$AAs?$AAc?$AAo?$AAr?$AAe?$AAe?$AA?4?$AAd?$AAl?$AAl?$AA?$AA@ 0000000180028440     LIBCMTD:crt0dat.obj
 0002:00000458       ??_C@_0P@MIGLKIOC@CorExitProcess?$AA@ 0000000180028458     LIBCMTD:crt0dat.obj
 0002:00000468       ??_C@_15GANGMFKL@?$AA?$CF?$AAs?$AA?$AA@ 0000000180028468     LIBCMTD:crt0dat.obj
 0002:00000470       ??_C@_0CI@BIOGDJKL@f?3?2dd?2vctools?2crt?2crtw32?2lowio?2i@ 0000000180028470     LIBCMTD:ioinit.obj
 0002:00000498       ??_C@_0CL@OBKFGCKK@f?3?2dd?2vctools?2crt?2crtw32?2startup@ 0000000180028498     LIBCMTD:stdargv.obj
 0002:000004c8       ??_C@_0CL@BJBFGFLH@f?3?2dd?2vctools?2crt?2crtw32?2startup@ 00000001800284c8     LIBCMTD:stdenvp.obj
 0002:00000500       ??_C@_1FG@MHBLOJIO@?$AAf?$AA?3?$AA?2?$AAd?$AAd?$AA?2?$AAv?$AAc?$AAt?$AAo?$AAo?$AAl?$AAs?$AA?2?$AAc?$AAr?$AAt?$AA?2?$AAc?$AAr?$AAt?$AAw?$AA3?$AA2?$AA?2?$AAs?$AAt?$AAa?$AAr?$AAt?$AAu?$AAp@ 0000000180028500     LIBCMTD:stdenvp.obj
 0002:00000558       ??_C@_1BC@GHMCNHHL@?$AA_?$AAs?$AAe?$AAt?$AAe?$AAn?$AAv?$AAp?$AA?$AA@ 0000000180028558     LIBCMTD:stdenvp.obj
 0002:00000570       ??_C@_1DE@MMOGFGHF@?$AAs?$AAt?$AAr?$AAc?$AAp?$AAy?$AA_?$AAs?$AA?$CI?$AA?$CK?$AAe?$AAn?$AAv?$AA?0?$AA?5?$AAc?$AAc?$AAh?$AAa?$AAr?$AAs?$AA?0?$AA?5?$AAp?$AA?$CJ?$AA?$AA@ 0000000180028570     LIBCMTD:stdenvp.obj
 0002:000005d0       ??_C@_04HJMOFLDF@Free?$AA@ 00000001800285d0     LIBCMTD:dbgheap.obj
 0002:000005d8       ??_C@_06EFAGIKOH@Normal?$AA@ 00000001800285d8     LIBCMTD:dbgheap.obj
 0002:000005e0       ??_C@_03OGPFLFLO@CRT?$AA@  00000001800285e0     LIBCMTD:dbgheap.obj
 0002:000005e4       ??_C@_06KMEJCCGM@Ignore?$AA@ 00000001800285e4     LIBCMTD:dbgheap.obj
 0002:000005ec       ??_C@_06PJIGMIJB@Client?$AA@ 00000001800285ec     LIBCMTD:dbgheap.obj
 0002:000005f8       ??_C@_1CE@LJFEPPMP@?$AA_?$AAC?$AAr?$AAt?$AAC?$AAh?$AAe?$AAc?$AAk?$AAM?$AAe?$AAm?$AAo?$AAr?$AAy?$AA?$CI?$AA?$CJ?$AA?$AA@ 00000001800285f8     LIBCMTD:dbgheap.obj
 0002:00000620       ??_C@_1FA@JKEKCOIC@?$AAf?$AA?3?$AA?2?$AAd?$AAd?$AA?2?$AAv?$AAc?$AAt?$AAo?$AAo?$AAl?$AAs?$AA?2?$AAc?$AAr?$AAt?$AA?2?$AAc?$AAr?$AAt?$AAw?$AA3?$AA2?$AA?2?$AAm?$AAi?$AAs?$AAc?$AA?2?$AAd?$AAb@ 0000000180028620     LIBCMTD:dbgheap.obj
 0002:00000670       ??_C@_0DF@BBEGIFEK@Client?5hook?5allocation?5failure?5a@ 0000000180028670     LIBCMTD:dbgheap.obj
 0002:000006a8       ??_C@_0CB@CCLOLAHO@Client?5hook?5allocation?5failure?4?6@ 00000001800286a8     LIBCMTD:dbgheap.obj
 0002:000006cc       ??_C@_02DKCKIIND@?$CFs?$AA@ 00000001800286cc     LIBCMTD:dbgheap.obj
 0002:000006d0       ??_C@_0CF@BICKFLAF@Invalid?5allocation?5size?3?5?$CFIu?5byt@ 00000001800286d0     LIBCMTD:dbgheap.obj
 0002:000006f8       ??_C@_0DC@JEMAGEKG@Error?3?5memory?5allocation?3?5bad?5me@ 00000001800286f8     LIBCMTD:dbgheap.obj
 0002:00000730       ??_C@_0DI@KKJPDPGM@Client?5hook?5re?9allocation?5failur@ 0000000180028730     LIBCMTD:dbgheap.obj
 0002:00000768       ??_C@_0CE@DOFMDOL@Client?5hook?5re?9allocation?5failur@ 0000000180028768     LIBCMTD:dbgheap.obj
 0002:00000790       ??_C@_0ED@GPCPBAGP@Invalid?5allocation?5size?3?5?$CFIu?5byt@ 0000000180028790     LIBCMTD:dbgheap.obj
 0002:000007e0       ??_C@_0FA@EFEIGJKG@Error?3?5memory?5allocation?3?5bad?5me@ 00000001800287e0     LIBCMTD:dbgheap.obj
 0002:00000830       ??_C@_0EM@LGFLMAGJ@The?5Block?5at?50x?$CFp?5was?5allocated?5@ 0000000180028830     LIBCMTD:dbgheap.obj
 0002:00000880       ??_C@_1EE@GFOPCECE@?$AA_?$AAC?$AAr?$AAt?$AAI?$AAs?$AAV?$AAa?$AAl?$AAi?$AAd?$AAH?$AAe?$AAa?$AAp?$AAP?$AAo?$AAi?$AAn?$AAt?$AAe?$AAr?$AA?$CI?$AAp?$AAU?$AAs?$AAe?$AAr?$AAD?$AAa?$AAt?$AAa@ 0000000180028880     LIBCMTD:dbgheap.obj
 0002:000008d0       ??_C@_1IK@DCPKDGNH@?$AAp?$AAO?$AAl?$AAd?$AAB?$AAl?$AAo?$AAc?$AAk?$AA?9?$AA?$DO?$AAn?$AAL?$AAi?$AAn?$AAe?$AA?5?$AA?$DN?$AA?$DN?$AA?5?$AAI?$AAG?$AAN?$AAO?$AAR?$AAE?$AA_?$AAL?$AAI?$AAN?$AAE?$AA?5@ 00000001800288d0     LIBCMTD:dbgheap.obj
 0002:00000960       ??_C@_0DA@HFBKENN@Error?3?5possible?5heap?5corruption?5@ 0000000180028960     LIBCMTD:dbgheap.obj
 0002:00000990       ??_C@_1GE@PCKLOLAO@?$AAf?$AAR?$AAe?$AAa?$AAl?$AAl?$AAo?$AAc?$AA?5?$AA?$HM?$AA?$HM?$AA?5?$AA?$CI?$AA?$CB?$AAf?$AAR?$AAe?$AAa?$AAl?$AAl?$AAo?$AAc?$AA?5?$AA?$CG?$AA?$CG?$AA?5?$AAp?$AAN?$AAe?$AAw?$AAB?$AAl@ 0000000180028990     LIBCMTD:dbgheap.obj
 0002:000009f8       ??_C@_1DC@GEFKNOOL@?$AA_?$AAp?$AAL?$AAa?$AAs?$AAt?$AAB?$AAl?$AAo?$AAc?$AAk?$AA?5?$AA?$DN?$AA?$DN?$AA?5?$AAp?$AAO?$AAl?$AAd?$AAB?$AAl?$AAo?$AAc?$AAk?$AA?$AA@ 00000001800289f8     LIBCMTD:dbgheap.obj
 0002:00000a30       ??_C@_1DE@KOOKLFBB@?$AA_?$AAp?$AAF?$AAi?$AAr?$AAs?$AAt?$AAB?$AAl?$AAo?$AAc?$AAk?$AA?5?$AA?$DN?$AA?$DN?$AA?5?$AAp?$AAO?$AAl?$AAd?$AAB?$AAl?$AAo?$AAc?$AAk?$AA?$AA@ 0000000180028a30     LIBCMTD:dbgheap.obj
 0002:00000a68       ??_C@_1CE@CJACEFBA@?$AAp?$AAU?$AAs?$AAe?$AAr?$AAD?$AAa?$AAt?$AAa?$AA?5?$AA?$CB?$AA?$DN?$AA?5?$AAN?$AAU?$AAL?$AAL?$AA?$AA@ 0000000180028a68     LIBCMTD:dbgheap.obj
 0002:00000a90       ??_C@_0EJ@HEIBCIMJ@The?5Block?5at?50x?$CFp?5was?5allocated?5@ 0000000180028a90     LIBCMTD:dbgheap.obj
 0002:00000ae0       ??_C@_0BL@KEIPLFAC@Client?5hook?5free?5failure?4?6?$AA@ 0000000180028ae0     LIBCMTD:dbgheap.obj
 0002:00000b00       ??_C@_1EO@LHDAJOCM@?$AA_?$AAB?$AAL?$AAO?$AAC?$AAK?$AA_?$AAT?$AAY?$AAP?$AAE?$AA_?$AAI?$AAS?$AA_?$AAV?$AAA?$AAL?$AAI?$AAD?$AA?$CI?$AAp?$AAH?$AAe?$AAa?$AAd?$AA?9?$AA?$DO?$AAn?$AAB?$AAl?$AAo@ 0000000180028b00     LIBCMTD:dbgheap.obj
 0002:00000b50       ??_C@_0KI@JGFOHMEB@HEAP?5CORRUPTION?5DETECTED?3?5before@ 0000000180028b50     LIBCMTD:dbgheap.obj
 0002:00000c00       ??_C@_0IK@PJCGLBOB@HEAP?5CORRUPTION?5DETECTED?3?5before@ 0000000180028c00     LIBCMTD:dbgheap.obj
 0002:00000c90       ??_C@_0KE@MBMNHHHN@HEAP?5CORRUPTION?5DETECTED?3?5after?5@ 0000000180028c90     LIBCMTD:dbgheap.obj
 0002:00000d40       ??_C@_0IG@LEMBDCJK@HEAP?5CORRUPTION?5DETECTED?3?5after?5@ 0000000180028d40     LIBCMTD:dbgheap.obj
 0002:00000dd0       ??_C@_1HK@HPCBMDFG@?$AAp?$AAH?$AAe?$AAa?$AAd?$AA?9?$AA?$DO?$AAn?$AAL?$AAi?$AAn?$AAe?$AA?5?$AA?$DN?$AA?$DN?$AA?5?$AAI?$AAG?$AAN?$AAO?$AAR?$AAE?$AA_?$AAL?$AAI?$AAN?$AAE?$AA?5?$AA?$CG?$AA?$CG?$AA?5?$AAp@ 0000000180028dd0     LIBCMTD:dbgheap.obj
 0002:00000e50       ??_C@_1DM@ODCJIDCP@?$AAp?$AAH?$AAe?$AAa?$AAd?$AA?9?$AA?$DO?$AAn?$AAB?$AAl?$AAo?$AAc?$AAk?$AAU?$AAs?$AAe?$AA?5?$AA?$DN?$AA?$DN?$AA?5?$AAn?$AAB?$AAl?$AAo?$AAc?$AAk?$AAU?$AAs?$AAe?$AA?$AA@ 0000000180028e50     LIBCMTD:dbgheap.obj
 0002:00000e90       ??_C@_1CK@DMAGEMBG@?$AA_?$AAp?$AAL?$AAa?$AAs?$AAt?$AAB?$AAl?$AAo?$AAc?$AAk?$AA?5?$AA?$DN?$AA?$DN?$AA?5?$AAp?$AAH?$AAe?$AAa?$AAd?$AA?$AA@ 0000000180028e90     LIBCMTD:dbgheap.obj
 0002:00000ec0       ??_C@_1CM@MMAADDMD@?$AA_?$AAp?$AAF?$AAi?$AAr?$AAs?$AAt?$AAB?$AAl?$AAo?$AAc?$AAk?$AA?5?$AA?$DN?$AA?$DN?$AA?5?$AAp?$AAH?$AAe?$AAa?$AAd?$AA?$AA@ 0000000180028ec0     LIBCMTD:dbgheap.obj
 0002:00000ef0       ??_C@_1BG@MBKOGDLD@?$AA_?$AAm?$AAs?$AAi?$AAz?$AAe?$AA_?$AAd?$AAb?$AAg?$AA?$AA@ 0000000180028ef0     LIBCMTD:dbgheap.obj
 0002:00000f08       ??_C@_0CE@MKKHMBMK@_heapchk?5fails?5with?5_HEAPBADBEGI@ 0000000180028f08     LIBCMTD:dbgheap.obj
 0002:00000f30       ??_C@_0CD@CPKEAPBD@_heapchk?5fails?5with?5_HEAPBADNODE@ 0000000180028f30     LIBCMTD:dbgheap.obj
 0002:00000f58       ??_C@_0CC@MJGLGBDG@_heapchk?5fails?5with?5_HEAPBADEND?4@ 0000000180028f58     LIBCMTD:dbgheap.obj
 0002:00000f80       ??_C@_0CC@MFFCHFHO@_heapchk?5fails?5with?5_HEAPBADPTR?4@ 0000000180028f80     LIBCMTD:dbgheap.obj
 0002:00000fa8       ??_C@_0CL@HNNNMKMJ@_heapchk?5fails?5with?5unknown?5retu@ 0000000180028fa8     LIBCMTD:dbgheap.obj
 0002:00000fd8       ??_C@_07OHKEFPKJ@DAMAGED?$AA@ 0000000180028fd8     LIBCMTD:dbgheap.obj
 0002:00000fe0       ??_C@_0KA@IHNJJKPL@HEAP?5CORRUPTION?5DETECTED?3?5on?5top@ 0000000180028fe0     LIBCMTD:dbgheap.obj
 0002:00001080       ??_C@_0IC@BBJIOOJH@HEAP?5CORRUPTION?5DETECTED?3?5on?5top@ 0000000180029080     LIBCMTD:dbgheap.obj
 0002:00001110       ??_C@_0EG@DGJMPDBH@?$CFhs?5located?5at?50x?$CFp?5is?5?$CFIu?5bytes@ 0000000180029110     LIBCMTD:dbgheap.obj
 0002:00001158       ??_C@_0CI@JMLBEDHJ@?$CFhs?5located?5at?50x?$CFp?5is?5?$CFIu?5bytes@ 0000000180029158     LIBCMTD:dbgheap.obj
 0002:00001180       ??_C@_1BHO@NNANJNF@?$AA?$CI?$AAf?$AAN?$AAe?$AAw?$AAB?$AAi?$AAt?$AAs?$AA?$DN?$AA?$DN?$AA_?$AAC?$AAR?$AAT?$AAD?$AAB?$AAG?$AA_?$AAR?$AAE?$AAP?$AAO?$AAR?$AAT?$AA_?$AAF?$AAL?$AAA?$AAG?$AA?$CJ?$AA?5@ 0000000180029180     LIBCMTD:dbgheap.obj
 0002:00001300       ??_C@_1BO@GJFDNMNF@?$AA_?$AAC?$AAr?$AAt?$AAS?$AAe?$AAt?$AAD?$AAb?$AAg?$AAF?$AAl?$AAa?$AAg?$AA?$AA@ 0000000180029300     LIBCMTD:dbgheap.obj
 0002:00001320       ??_C@_1BM@MIMANDHC@?$AAs?$AAt?$AAa?$AAt?$AAe?$AA?5?$AA?$CB?$AA?$DN?$AA?5?$AAN?$AAU?$AAL?$AAL?$AA?$AA@ 0000000180029320     LIBCMTD:dbgheap.obj
 0002:00001340       ??_C@_1CE@NJJKELF@?$AA_?$AAC?$AAr?$AAt?$AAM?$AAe?$AAm?$AAC?$AAh?$AAe?$AAc?$AAk?$AAp?$AAo?$AAi?$AAn?$AAt?$AA?$AA@ 0000000180029340     LIBCMTD:dbgheap.obj
 0002:00001368       ??_C@_0DP@LEFMFBOD@Bad?5memory?5block?5found?5at?50x?$CFp?4?6@ 0000000180029368     LIBCMTD:dbgheap.obj
 0002:000013a8       ??_C@_0CB@EAAIGELO@Bad?5memory?5block?5found?5at?50x?$CFp?4?6@ 00000001800293a8     LIBCMTD:dbgheap.obj
 0002:000013cc       ??_C@_05MKKEDADM@?$CF?42X?5?$AA@ 00000001800293cc     LIBCMTD:dbgheap.obj
 0002:000013d8       ??_C@_1CG@LPFIACGM@?$AA_?$AAp?$AAr?$AAi?$AAn?$AAt?$AAM?$AAe?$AAm?$AAB?$AAl?$AAo?$AAc?$AAk?$AAD?$AAa?$AAt?$AAa?$AA?$AA@ 00000001800293d8     LIBCMTD:dbgheap.obj
 0002:00001400       ??_C@_1BI@KALLJECN@?$AA?$CI?$AA?$CK?$AA_?$AAe?$AAr?$AAr?$AAn?$AAo?$AA?$CI?$AA?$CJ?$AA?$CJ?$AA?$AA@ 0000000180029400     LIBCMTD:dbgheap.obj
 0002:00001418       ??_C@_0BA@HJBKCELP@?5Data?3?5?$DM?$CFs?$DO?5?$CFs?6?$AA@ 0000000180029418     LIBCMTD:dbgheap.obj
 0002:00001428       ??_C@_0BE@KCIPKCIA@Dumping?5objects?5?9?$DO?6?$AA@ 0000000180029428     LIBCMTD:dbgheap.obj
 0002:00001440       ??_C@_0BE@OIEFNFL@?$CDFile?5Error?$CD?$CI?$CFd?$CJ?5?3?5?$AA@ 0000000180029440     LIBCMTD:dbgheap.obj
 0002:00001458       ??_C@_0L@JMEFFCCJ@?$CFhs?$CI?$CFd?$CJ?5?3?5?$AA@ 0000000180029458     LIBCMTD:dbgheap.obj
 0002:00001464       ??_C@_06PKLGBFGM@?$HL?$CFld?$HN?5?$AA@ 0000000180029464     LIBCMTD:dbgheap.obj
 0002:00001470       ??_C@_0DD@GHNAAKBB@client?5block?5at?50x?$CFp?0?5subtype?5?$CFx@ 0000000180029470     LIBCMTD:dbgheap.obj
 0002:000014a8       ??_C@_0CH@FAGDDGPN@normal?5block?5at?50x?$CFp?0?5?$CFIu?5bytes?5@ 00000001800294a8     LIBCMTD:dbgheap.obj
 0002:000014d0       ??_C@_0DA@MDLBNIBM@crt?5block?5at?50x?$CFp?0?5subtype?5?$CFx?0?5?$CF@ 00000001800294d0     LIBCMTD:dbgheap.obj
 0002:00001500       ??_C@_0BH@GFGKJDCO@Object?5dump?5complete?4?6?$AA@ 0000000180029500     LIBCMTD:dbgheap.obj
 0002:00001518       ??_C@_0BI@JBFPOEJA@Detected?5memory?5leaks?$CB?6?$AA@ 0000000180029518     LIBCMTD:dbgheap.obj
 0002:00001530       ??_C@_0CG@NNNNMKLF@f?3?2dd?2vctools?2crt?2crtw32?2misc?2a_@ 0000000180029530     LIBCMTD:a_env.obj
 0002:00001558       ??_C@_1BK@MGMFAEKH@?$AAk?$AAe?$AAr?$AAn?$AAe?$AAl?$AA3?$AA2?$AA?4?$AAd?$AAl?$AAl?$AA?$AA@ 0000000180029558     LIBCMTD:winapisupp.obj
 0002:00001578       ??_C@_08KNHFBNJ@FlsAlloc?$AA@ 0000000180029578     LIBCMTD:winapisupp.obj
 0002:00001588       ??_C@_07PEJMOBNF@FlsFree?$AA@ 0000000180029588     LIBCMTD:winapisupp.obj
 0002:00001590       ??_C@_0M@GDNOONDI@FlsGetValue?$AA@ 0000000180029590     LIBCMTD:winapisupp.obj
 0002:000015a0       ??_C@_0M@JCPCPOEF@FlsSetValue?$AA@ 00000001800295a0     LIBCMTD:winapisupp.obj
 0002:000015b0       ??_C@_0BM@HCFOFFN@InitializeCriticalSectionEx?$AA@ 00000001800295b0     LIBCMTD:winapisupp.obj
 0002:000015d0       ??_C@_0P@DLHPPCNH@CreateEventExW?$AA@ 00000001800295d0     LIBCMTD:winapisupp.obj
 0002:000015e0       ??_C@_0BD@KIEEOEEH@CreateSemaphoreExW?$AA@ 00000001800295e0     LIBCMTD:winapisupp.obj
 0002:000015f8       ??_C@_0BI@BKLFFAPO@SetThreadStackGuarantee?$AA@ 00000001800295f8     LIBCMTD:winapisupp.obj
 0002:00001610       ??_C@_0BG@OGFAJCKC@CreateThreadpoolTimer?$AA@ 0000000180029610     LIBCMTD:winapisupp.obj
 0002:00001628       ??_C@_0BD@LPLEMMDI@SetThreadpoolTimer?$AA@ 0000000180029628     LIBCMTD:winapisupp.obj
 0002:00001640       ??_C@_0CA@FMNJENH@WaitForThreadpoolTimerCallbacks?$AA@ 0000000180029640     LIBCMTD:winapisupp.obj
 0002:00001660       ??_C@_0BF@DCFCCNOC@CloseThreadpoolTimer?$AA@ 0000000180029660     LIBCMTD:winapisupp.obj
 0002:00001678       ??_C@_0BF@FLABGKKM@CreateThreadpoolWait?$AA@ 0000000180029678     LIBCMTD:winapisupp.obj
 0002:00001690       ??_C@_0BC@MGCOHNA@SetThreadpoolWait?$AA@ 0000000180029690     LIBCMTD:winapisupp.obj
 0002:000016a8       ??_C@_0BE@OCIOMIMP@CloseThreadpoolWait?$AA@ 00000001800296a8     LIBCMTD:winapisupp.obj
 0002:000016c0       ??_C@_0BJ@LKGHFHBO@FlushProcessWriteBuffers?$AA@ 00000001800296c0     LIBCMTD:winapisupp.obj
 0002:000016e0       ??_C@_0BP@KALKKPMO@FreeLibraryWhenCallbackReturns?$AA@ 00000001800296e0     LIBCMTD:winapisupp.obj
 0002:00001700       ??_C@_0BK@DFNBACLA@GetCurrentProcessorNumber?$AA@ 0000000180029700     LIBCMTD:winapisupp.obj
 0002:00001720       ??_C@_0BP@KHGALBC@GetLogicalProcessorInformation?$AA@ 0000000180029720     LIBCMTD:winapisupp.obj
 0002:00001740       ??_C@_0BE@FKKLLFLM@CreateSymbolicLinkW?$AA@ 0000000180029740     LIBCMTD:winapisupp.obj
 0002:00001758       ??_C@_0BJ@OHNKDLIJ@SetDefaultDllDirectories?$AA@ 0000000180029758     LIBCMTD:winapisupp.obj
 0002:00001778       ??_C@_0BE@LJANKFHF@EnumSystemLocalesEx?$AA@ 0000000180029778     LIBCMTD:winapisupp.obj
 0002:00001790       ??_C@_0BA@IHGNDAEB@CompareStringEx?$AA@ 0000000180029790     LIBCMTD:winapisupp.obj
 0002:000017a0       ??_C@_0BA@EPCJIIPD@GetDateFormatEx?$AA@ 00000001800297a0     LIBCMTD:winapisupp.obj
 0002:000017b0       ??_C@_0BA@ONOKGCMP@GetLocaleInfoEx?$AA@ 00000001800297b0     LIBCMTD:winapisupp.obj
 0002:000017c0       ??_C@_0BA@CIJJKCJJ@GetTimeFormatEx?$AA@ 00000001800297c0     LIBCMTD:winapisupp.obj
 0002:000017d0       ??_C@_0BJ@PBCCBIPI@GetUserDefaultLocaleName?$AA@ 00000001800297d0     LIBCMTD:winapisupp.obj
 0002:000017f0       ??_C@_0BC@CELBKLLA@IsValidLocaleName?$AA@ 00000001800297f0     LIBCMTD:winapisupp.obj
 0002:00001808       ??_C@_0O@KKBNKAPF@LCMapStringEx?$AA@ 0000000180029808     LIBCMTD:winapisupp.obj
 0002:00001818       ??_C@_0BE@JOGNEJCI@GetCurrentPackageId?$AA@ 0000000180029818     LIBCMTD:winapisupp.obj
 0002:00001830       ??_C@_0P@CDHHOHKP@GetTickCount64?$AA@ 0000000180029830     LIBCMTD:winapisupp.obj
 0002:00001840       ??_C@_0BO@KPCLFDJJ@GetFileInformationByHandleExW?$AA@ 0000000180029840     LIBCMTD:winapisupp.obj
 0002:00001860       ??_C@_0BM@MHIDLABK@SetFileInformationByHandleW?$AA@ 0000000180029860     LIBCMTD:winapisupp.obj
 0002:00001880       ??_C@_0CJ@LPLBAFNO@f?3?2dd?2vctools?2crt?2crtw32?2startup@ 0000000180029880     LIBCMTD:mlock.obj
 0002:000018b0       ??_C@_1BJK@FEBNHLFF@?$AA?$CI?$AA?$CI?$AAp?$AAt?$AAl?$AAo?$AAc?$AAi?$AA?9?$AA?$DO?$AAl?$AAc?$AA_?$AAc?$AAa?$AAt?$AAe?$AAg?$AAo?$AAr?$AAy?$AA?$FL?$AAc?$AAa?$AAt?$AAe?$AAg?$AAo?$AAr?$AAy?$AA?$FN?$AA?4@ 00000001800298b0     LIBCMTD:localref.obj
 0002:00001a50       ??_C@_1FC@HINIIGNO@?$AAf?$AA?3?$AA?2?$AAd?$AAd?$AA?2?$AAv?$AAc?$AAt?$AAo?$AAo?$AAl?$AAs?$AA?2?$AAc?$AAr?$AAt?$AA?2?$AAc?$AAr?$AAt?$AAw?$AA3?$AA2?$AA?2?$AAm?$AAi?$AAs?$AAc?$AA?2?$AAl?$AAo@ 0000000180029a50     LIBCMTD:localref.obj
 0002:00001aa4       ??_C@_03KOEHGMDN@Sun?$AA@  0000000180029aa4     LIBCMTD:nlsdata.obj
 0002:00001aa8       ??_C@_03PDAGKDH@Mon?$AA@   0000000180029aa8     LIBCMTD:nlsdata.obj
 0002:00001aac       ??_C@_03NAGEINEP@Tue?$AA@  0000000180029aac     LIBCMTD:nlsdata.obj
 0002:00001ab0       ??_C@_03MHOMLAJA@Wed?$AA@  0000000180029ab0     LIBCMTD:nlsdata.obj
 0002:00001ab4       ??_C@_03IOFIKPDN@Thu?$AA@  0000000180029ab4     LIBCMTD:nlsdata.obj
 0002:00001ab8       ??_C@_03IDIOELNC@Fri?$AA@  0000000180029ab8     LIBCMTD:nlsdata.obj
 0002:00001abc       ??_C@_03FEFJNEK@Sat?$AA@   0000000180029abc     LIBCMTD:nlsdata.obj
 0002:00001ac0       ??_C@_06OOPIFAJ@Sunday?$AA@ 0000000180029ac0     LIBCMTD:nlsdata.obj
 0002:00001ac8       ??_C@_06JLEDEDGH@Monday?$AA@ 0000000180029ac8     LIBCMTD:nlsdata.obj
 0002:00001ad0       ??_C@_07BAAGCFCM@Tuesday?$AA@ 0000000180029ad0     LIBCMTD:nlsdata.obj
 0002:00001ad8       ??_C@_09DLIGFAKA@Wednesday?$AA@ 0000000180029ad8     LIBCMTD:nlsdata.obj
 0002:00001ae8       ??_C@_08HACCIKIA@Thursday?$AA@ 0000000180029ae8     LIBCMTD:nlsdata.obj
 0002:00001af4       ??_C@_06JECMNKMI@Friday?$AA@ 0000000180029af4     LIBCMTD:nlsdata.obj
 0002:00001b00       ??_C@_08INBOOONO@Saturday?$AA@ 0000000180029b00     LIBCMTD:nlsdata.obj
 0002:00001b0c       ??_C@_03JIHJHPIE@Jan?$AA@  0000000180029b0c     LIBCMTD:nlsdata.obj
 0002:00001b10       ??_C@_03HJBDCHOM@Feb?$AA@  0000000180029b10     LIBCMTD:nlsdata.obj
 0002:00001b14       ??_C@_03ODNJBKGA@Mar?$AA@  0000000180029b14     LIBCMTD:nlsdata.obj
 0002:00001b18       ??_C@_03LEOLGMJP@Apr?$AA@  0000000180029b18     LIBCMTD:nlsdata.obj
 0002:00001b1c       ??_C@_03CNMDKL@May?$AA@    0000000180029b1c     LIBCMTD:nlsdata.obj
 0002:00001b20       ??_C@_03IDFGHECI@Jun?$AA@  0000000180029b20     LIBCMTD:nlsdata.obj
 0002:00001b24       ??_C@_03LBGABGKK@Jul?$AA@  0000000180029b24     LIBCMTD:nlsdata.obj
 0002:00001b28       ??_C@_03IFJFEIGA@Aug?$AA@  0000000180029b28     LIBCMTD:nlsdata.obj
 0002:00001b2c       ??_C@_03GGCAPAJC@Sep?$AA@  0000000180029b2c     LIBCMTD:nlsdata.obj
 0002:00001b30       ??_C@_03BMAOKBAD@Oct?$AA@  0000000180029b30     LIBCMTD:nlsdata.obj
 0002:00001b34       ??_C@_03JPJOFNIA@Nov?$AA@  0000000180029b34     LIBCMTD:nlsdata.obj
 0002:00001b38       ??_C@_03MKABNOCG@Dec?$AA@  0000000180029b38     LIBCMTD:nlsdata.obj
 0002:00001b40       ??_C@_07CGJPFGJA@January?$AA@ 0000000180029b40     LIBCMTD:nlsdata.obj
 0002:00001b48       ??_C@_08GNJGEPFN@February?$AA@ 0000000180029b48     LIBCMTD:nlsdata.obj
 0002:00001b54       ??_C@_05HPCKOFNC@March?$AA@ 0000000180029b54     LIBCMTD:nlsdata.obj
 0002:00001b5c       ??_C@_05DMJDNLEJ@April?$AA@ 0000000180029b5c     LIBCMTD:nlsdata.obj
 0002:00001b64       ??_C@_04CNLMGBGM@June?$AA@ 0000000180029b64     LIBCMTD:nlsdata.obj
 0002:00001b6c       ??_C@_04MIEPOIFP@July?$AA@ 0000000180029b6c     LIBCMTD:nlsdata.obj
 0002:00001b74       ??_C@_06LBBHFDDG@August?$AA@ 0000000180029b74     LIBCMTD:nlsdata.obj
 0002:00001b80       ??_C@_09BHHEALKD@September?$AA@ 0000000180029b80     LIBCMTD:nlsdata.obj
 0002:00001b90       ??_C@_07JJNFCEND@October?$AA@ 0000000180029b90     LIBCMTD:nlsdata.obj
 0002:00001b98       ??_C@_08HCHEGEOA@November?$AA@ 0000000180029b98     LIBCMTD:nlsdata.obj
 0002:00001ba8       ??_C@_08EDHMEBNP@December?$AA@ 0000000180029ba8     LIBCMTD:nlsdata.obj
 0002:00001bb4       ??_C@_02DEDBPAFC@AM?$AA@   0000000180029bb4     LIBCMTD:nlsdata.obj
 0002:00001bb8       ??_C@_02CJNFDJBF@PM?$AA@   0000000180029bb8     LIBCMTD:nlsdata.obj
 0002:00001bc0       ??_C@_08BPBNCDIB@MM?1dd?1yy?$AA@ 0000000180029bc0     LIBCMTD:nlsdata.obj
 0002:00001bd0       ??_C@_0BE@CKGJFCPC@dddd?0?5MMMM?5dd?0?5yyyy?$AA@ 0000000180029bd0     LIBCMTD:nlsdata.obj
 0002:00001be8       ??_C@_08JCCMCCIL@HH?3mm?3ss?$AA@ 0000000180029be8     LIBCMTD:nlsdata.obj
 0002:00001bf8       ??_C@_17MBGCMIPB@?$AAS?$AAu?$AAn?$AA?$AA@ 0000000180029bf8     LIBCMTD:nlsdata.obj
 0002:00001c00       ??_C@_17KBOMKBF@?$AAM?$AAo?$AAn?$AA?$AA@ 0000000180029c00     LIBCMTD:nlsdata.obj
 0002:00001c08       ??_C@_17BMKGEGOJ@?$AAT?$AAu?$AAe?$AA?$AA@ 0000000180029c08     LIBCMTD:nlsdata.obj
 0002:00001c10       ??_C@_17CJEDCEPE@?$AAW?$AAe?$AAd?$AA?$AA@ 0000000180029c10     LIBCMTD:nlsdata.obj
 0002:00001c18       ??_C@_17PDPHAADD@?$AAT?$AAh?$AAu?$AA?$AA@ 0000000180029c18     LIBCMTD:nlsdata.obj
 0002:00001c20       ??_C@_17HFOLPPLP@?$AAF?$AAr?$AAi?$AA?$AA@ 0000000180029c20     LIBCMTD:nlsdata.obj
 0002:00001c28       ??_C@_17GGIBDPIH@?$AAS?$AAa?$AAt?$AA?$AA@ 0000000180029c28     LIBCMTD:nlsdata.obj
 0002:00001c30       ??_C@_1O@IHNHDHPB@?$AAS?$AAu?$AAn?$AAd?$AAa?$AAy?$AA?$AA@ 0000000180029c30     LIBCMTD:nlsdata.obj
 0002:00001c40       ??_C@_1O@MMNBFLIA@?$AAM?$AAo?$AAn?$AAd?$AAa?$AAy?$AA?$AA@ 0000000180029c40     LIBCMTD:nlsdata.obj
 0002:00001c50       ??_C@_1BA@ENFBFFEK@?$AAT?$AAu?$AAe?$AAs?$AAd?$AAa?$AAy?$AA?$AA@ 0000000180029c50     LIBCMTD:nlsdata.obj
 0002:00001c60       ??_C@_1BE@EBOGMDOH@?$AAW?$AAe?$AAd?$AAn?$AAe?$AAs?$AAd?$AAa?$AAy?$AA?$AA@ 0000000180029c60     LIBCMTD:nlsdata.obj
 0002:00001c78       ??_C@_1BC@HHMNLIHE@?$AAT?$AAh?$AAu?$AAr?$AAs?$AAd?$AAa?$AAy?$AA?$AA@ 0000000180029c78     LIBCMTD:nlsdata.obj
 0002:00001c90       ??_C@_1O@PDICJHAG@?$AAF?$AAr?$AAi?$AAd?$AAa?$AAy?$AA?$AA@ 0000000180029c90     LIBCMTD:nlsdata.obj
 0002:00001ca0       ??_C@_1BC@ENMNNPAJ@?$AAS?$AAa?$AAt?$AAu?$AAr?$AAd?$AAa?$AAy?$AA?$AA@ 0000000180029ca0     LIBCMTD:nlsdata.obj
 0002:00001cb8       ??_C@_17DKNBKCHM@?$AAJ?$AAa?$AAn?$AA?$AA@ 0000000180029cb8     LIBCMTD:nlsdata.obj
 0002:00001cc0       ??_C@_17LMDJEKJN@?$AAF?$AAe?$AAb?$AA?$AA@ 0000000180029cc0     LIBCMTD:nlsdata.obj
 0002:00001cc8       ??_C@_17CKNLEDEC@?$AAM?$AAa?$AAr?$AA?$AA@ 0000000180029cc8     LIBCMTD:nlsdata.obj
 0002:00001cd0       ??_C@_17LFPOIHDD@?$AAA?$AAp?$AAr?$AA?$AA@ 0000000180029cd0     LIBCMTD:nlsdata.obj
 0002:00001cd8       ??_C@_17PNNKMEED@?$AAM?$AAa?$AAy?$AA?$AA@ 0000000180029cd8     LIBCMTD:nlsdata.obj
 0002:00001ce0       ??_C@_17KCJGOCPB@?$AAJ?$AAu?$AAn?$AA?$AA@ 0000000180029ce0     LIBCMTD:nlsdata.obj
 0002:00001ce8       ??_C@_17IJPCKHK@?$AAJ?$AAu?$AAl?$AA?$AA@ 0000000180029ce8     LIBCMTD:nlsdata.obj
 0002:00001cf0       ??_C@_17ICPELBCN@?$AAA?$AAu?$AAg?$AA?$AA@ 0000000180029cf0     LIBCMTD:nlsdata.obj
 0002:00001cf8       ??_C@_17HCHCOKMG@?$AAS?$AAe?$AAp?$AA?$AA@ 0000000180029cf8     LIBCMTD:nlsdata.obj
 0002:00001d00       ??_C@_17FNLKOI@?$AAO?$AAc?$AAt?$AA?$AA@ 0000000180029d00     LIBCMTD:nlsdata.obj
 0002:00001d08       ??_C@_17BBDMLCIG@?$AAN?$AAo?$AAv?$AA?$AA@ 0000000180029d08     LIBCMTD:nlsdata.obj
 0002:00001d10       ??_C@_17EGKACKIF@?$AAD?$AAe?$AAc?$AA?$AA@ 0000000180029d10     LIBCMTD:nlsdata.obj
 0002:00001d18       ??_C@_1BA@EFMEIEBA@?$AAJ?$AAa?$AAn?$AAu?$AAa?$AAr?$AAy?$AA?$AA@ 0000000180029d18     LIBCMTD:nlsdata.obj
 0002:00001d28       ??_C@_1BC@JGDDFFAM@?$AAF?$AAe?$AAb?$AAr?$AAu?$AAa?$AAr?$AAy?$AA?$AA@ 0000000180029d28     LIBCMTD:nlsdata.obj
 0002:00001d40       ??_C@_1M@IKEENEDF@?$AAM?$AAa?$AAr?$AAc?$AAh?$AA?$AA@ 0000000180029d40     LIBCMTD:nlsdata.obj
 0002:00001d50       ??_C@_1M@GJNLMHFD@?$AAA?$AAp?$AAr?$AAi?$AAl?$AA?$AA@ 0000000180029d50     LIBCMTD:nlsdata.obj
 0002:00001d60       ??_C@_19EPFLPGAP@?$AAJ?$AAu?$AAn?$AAe?$AA?$AA@ 0000000180029d60     LIBCMTD:nlsdata.obj
 0002:00001d70       ??_C@_19BIFMLPCD@?$AAJ?$AAu?$AAl?$AAy?$AA?$AA@ 0000000180029d70     LIBCMTD:nlsdata.obj
 0002:00001d80       ??_C@_1O@PAHLKOAC@?$AAA?$AAu?$AAg?$AAu?$AAs?$AAt?$AA?$AA@ 0000000180029d80     LIBCMTD:nlsdata.obj
 0002:00001d90       ??_C@_1BE@DKAAMBJL@?$AAS?$AAe?$AAp?$AAt?$AAe?$AAm?$AAb?$AAe?$AAr?$AA?$AA@ 0000000180029d90     LIBCMTD:nlsdata.obj
 0002:00001da8       ??_C@_1BA@EPANDLNG@?$AAO?$AAc?$AAt?$AAo?$AAb?$AAe?$AAr?$AA?$AA@ 0000000180029da8     LIBCMTD:nlsdata.obj
 0002:00001db8       ??_C@_1BC@BGLIFPF@?$AAN?$AAo?$AAv?$AAe?$AAm?$AAb?$AAe?$AAr?$AA?$AA@ 0000000180029db8     LIBCMTD:nlsdata.obj
 0002:00001dd0       ??_C@_1BC@FEMKIFH@?$AAD?$AAe?$AAc?$AAe?$AAm?$AAb?$AAe?$AAr?$AA?$AA@ 0000000180029dd0     LIBCMTD:nlsdata.obj
 0002:00001de4       ??_C@_15ODEHAHHF@?$AAA?$AAM?$AA?$AA@ 0000000180029de4     LIBCMTD:nlsdata.obj
 0002:00001dec       ??_C@_15CLMNNGEL@?$AAP?$AAM?$AA?$AA@ 0000000180029dec     LIBCMTD:nlsdata.obj
 0002:00001df8       ??_C@_1BC@IEBCMHCM@?$AAM?$AAM?$AA?1?$AAd?$AAd?$AA?1?$AAy?$AAy?$AA?$AA@ 0000000180029df8     LIBCMTD:nlsdata.obj
 0002:00001e10       ??_C@_1CI@KNAKOEBC@?$AAd?$AAd?$AAd?$AAd?$AA?0?$AA?5?$AAM?$AAM?$AAM?$AAM?$AA?5?$AAd?$AAd?$AA?0?$AA?5?$AAy?$AAy?$AAy?$AAy?$AA?$AA@ 0000000180029e10     LIBCMTD:nlsdata.obj
 0002:00001e38       ??_C@_1BC@GDGBMEMK@?$AAH?$AAH?$AA?3?$AAm?$AAm?$AA?3?$AAs?$AAs?$AA?$AA@ 0000000180029e38     LIBCMTD:nlsdata.obj
 0002:00001e50       ??_C@_1M@BMHNFIME@?$AAe?$AAn?$AA?9?$AAU?$AAS?$AA?$AA@ 0000000180029e50     LIBCMTD:nlsdata.obj
 0002:00001e80       ??_C@_1M@HPNHIDJI@?$AAj?$AAa?$AA?9?$AAJ?$AAP?$AA?$AA@ 0000000180029e80     LIBCMTD:mbctype.obj
 0002:00001e90       ??_C@_1M@BIBDDEMK@?$AAz?$AAh?$AA?9?$AAC?$AAN?$AA?$AA@ 0000000180029e90     LIBCMTD:mbctype.obj
 0002:00001ea0       ??_C@_1M@JLOOOEGK@?$AAk?$AAo?$AA?9?$AAK?$AAR?$AA?$AA@ 0000000180029ea0     LIBCMTD:mbctype.obj
 0002:00001eb0       ??_C@_1M@CLNBBOPM@?$AAz?$AAh?$AA?9?$AAT?$AAW?$AA?$AA@ 0000000180029eb0     LIBCMTD:mbctype.obj
 0002:00001ee8       ??_C@_0CM@BEDCPGGG@f?3?2dd?2vctools?2crt?2crtw32?2mbstrin@ 0000000180029ee8     LIBCMTD:mbctype.obj
 0002:00002090       ??_C@_1FK@PGACCAFB@?$AAR?$AA6?$AA0?$AA0?$AA2?$AA?$AN?$AA?6?$AA?9?$AA?5?$AAf?$AAl?$AAo?$AAa?$AAt?$AAi?$AAn?$AAg?$AA?5?$AAp?$AAo?$AAi?$AAn?$AAt?$AA?5?$AAs?$AAu?$AAp?$AAp?$AAo?$AAr?$AAt?$AA?5@ 000000018002a090     LIBCMTD:crt0msg.obj
 0002:000020f0       ??_C@_1FE@LLNEDJMD@?$AAR?$AA6?$AA0?$AA0?$AA8?$AA?$AN?$AA?6?$AA?9?$AA?5?$AAn?$AAo?$AAt?$AA?5?$AAe?$AAn?$AAo?$AAu?$AAg?$AAh?$AA?5?$AAs?$AAp?$AAa?$AAc?$AAe?$AA?5?$AAf?$AAo?$AAr?$AA?5?$AAa?$AAr@ 000000018002a0f0     LIBCMTD:crt0msg.obj
 0002:00002150       ??_C@_1FI@HONFMGBI@?$AAR?$AA6?$AA0?$AA0?$AA9?$AA?$AN?$AA?6?$AA?9?$AA?5?$AAn?$AAo?$AAt?$AA?5?$AAe?$AAn?$AAo?$AAu?$AAg?$AAh?$AA?5?$AAs?$AAp?$AAa?$AAc?$AAe?$AA?5?$AAf?$AAo?$AAr?$AA?5?$AAe?$AAn@ 000000018002a150     LIBCMTD:crt0msg.obj
 0002:000021b0       ??_C@_1EG@BEHAGFJD@?$AAR?$AA6?$AA0?$AA1?$AA0?$AA?$AN?$AA?6?$AA?9?$AA?5?$AAa?$AAb?$AAo?$AAr?$AAt?$AA?$CI?$AA?$CJ?$AA?5?$AAh?$AAa?$AAs?$AA?5?$AAb?$AAe?$AAe?$AAn?$AA?5?$AAc?$AAa?$AAl?$AAl?$AAe?$AAd@ 000000018002a1b0     LIBCMTD:crt0msg.obj
 0002:00002200       ??_C@_1FI@LOGNIKDM@?$AAR?$AA6?$AA0?$AA1?$AA6?$AA?$AN?$AA?6?$AA?9?$AA?5?$AAn?$AAo?$AAt?$AA?5?$AAe?$AAn?$AAo?$AAu?$AAg?$AAh?$AA?5?$AAs?$AAp?$AAa?$AAc?$AAe?$AA?5?$AAf?$AAo?$AAr?$AA?5?$AAt?$AAh@ 000000018002a200     LIBCMTD:crt0msg.obj
 0002:00002260       ??_C@_1FK@BEOGODMC@?$AAR?$AA6?$AA0?$AA1?$AA7?$AA?$AN?$AA?6?$AA?9?$AA?5?$AAu?$AAn?$AAe?$AAx?$AAp?$AAe?$AAc?$AAt?$AAe?$AAd?$AA?5?$AAm?$AAu?$AAl?$AAt?$AAi?$AAt?$AAh?$AAr?$AAe?$AAa?$AAd?$AA?5@ 000000018002a260     LIBCMTD:crt0msg.obj
 0002:000022c0       ??_C@_1EC@JIBHAOPH@?$AAR?$AA6?$AA0?$AA1?$AA8?$AA?$AN?$AA?6?$AA?9?$AA?5?$AAu?$AAn?$AAe?$AAx?$AAp?$AAe?$AAc?$AAt?$AAe?$AAd?$AA?5?$AAh?$AAe?$AAa?$AAp?$AA?5?$AAe?$AAr?$AAr?$AAo?$AAr?$AA?$AN?$AA?6@ 000000018002a2c0     LIBCMTD:crt0msg.obj
 0002:00002310       ??_C@_1FC@ECHBIFBC@?$AAR?$AA6?$AA0?$AA1?$AA9?$AA?$AN?$AA?6?$AA?9?$AA?5?$AAu?$AAn?$AAa?$AAb?$AAl?$AAe?$AA?5?$AAt?$AAo?$AA?5?$AAo?$AAp?$AAe?$AAn?$AA?5?$AAc?$AAo?$AAn?$AAs?$AAo?$AAl?$AAe?$AA?5@ 000000018002a310     LIBCMTD:crt0msg.obj
 0002:00002370       ??_C@_1GK@FHCKBEFA@?$AAR?$AA6?$AA0?$AA2?$AA4?$AA?$AN?$AA?6?$AA?9?$AA?5?$AAn?$AAo?$AAt?$AA?5?$AAe?$AAn?$AAo?$AAu?$AAg?$AAh?$AA?5?$AAs?$AAp?$AAa?$AAc?$AAe?$AA?5?$AAf?$AAo?$AAr?$AA?5?$AA_?$AAo@ 000000018002a370     LIBCMTD:crt0msg.obj
 0002:000023e0       ??_C@_1EM@MAADIHMB@?$AAR?$AA6?$AA0?$AA2?$AA5?$AA?$AN?$AA?6?$AA?9?$AA?5?$AAp?$AAu?$AAr?$AAe?$AA?5?$AAv?$AAi?$AAr?$AAt?$AAu?$AAa?$AAl?$AA?5?$AAf?$AAu?$AAn?$AAc?$AAt?$AAi?$AAo?$AAn?$AA?5?$AAc@ 000000018002a3e0     LIBCMTD:crt0msg.obj
 0002:00002430       ??_C@_1GK@MCAAGJMO@?$AAR?$AA6?$AA0?$AA2?$AA6?$AA?$AN?$AA?6?$AA?9?$AA?5?$AAn?$AAo?$AAt?$AA?5?$AAe?$AAn?$AAo?$AAu?$AAg?$AAh?$AA?5?$AAs?$AAp?$AAa?$AAc?$AAe?$AA?5?$AAf?$AAo?$AAr?$AA?5?$AAs?$AAt@ 000000018002a430     LIBCMTD:crt0msg.obj
 0002:000024a0       ??_C@_1GK@MFGOKLAG@?$AAR?$AA6?$AA0?$AA2?$AA7?$AA?$AN?$AA?6?$AA?9?$AA?5?$AAn?$AAo?$AAt?$AA?5?$AAe?$AAn?$AAo?$AAu?$AAg?$AAh?$AA?5?$AAs?$AAp?$AAa?$AAc?$AAe?$AA?5?$AAf?$AAo?$AAr?$AA?5?$AAl?$AAo@ 000000018002a4a0     LIBCMTD:crt0msg.obj
 0002:00002510       ??_C@_1EK@HHFLMAOL@?$AAR?$AA6?$AA0?$AA2?$AA8?$AA?$AN?$AA?6?$AA?9?$AA?5?$AAu?$AAn?$AAa?$AAb?$AAl?$AAe?$AA?5?$AAt?$AAo?$AA?5?$AAi?$AAn?$AAi?$AAt?$AAi?$AAa?$AAl?$AAi?$AAz?$AAe?$AA?5?$AAh?$AAe@ 000000018002a510     LIBCMTD:crt0msg.obj
 0002:00002560       ??_C@_1DO@BMFCDCD@?$AAR?$AA6?$AA0?$AA3?$AA0?$AA?$AN?$AA?6?$AA?9?$AA?5?$AAC?$AAR?$AAT?$AA?5?$AAn?$AAo?$AAt?$AA?5?$AAi?$AAn?$AAi?$AAt?$AAi?$AAa?$AAl?$AAi?$AAz?$AAe?$AAd?$AA?$AN?$AA?6?$AA?$AA@ 000000018002a560     LIBCMTD:crt0msg.obj
 0002:000025a0       ??_C@_1MG@ENCOOIDF@?$AAR?$AA6?$AA0?$AA3?$AA1?$AA?$AN?$AA?6?$AA?9?$AA?5?$AAA?$AAt?$AAt?$AAe?$AAm?$AAp?$AAt?$AA?5?$AAt?$AAo?$AA?5?$AAi?$AAn?$AAi?$AAt?$AAi?$AAa?$AAl?$AAi?$AAz?$AAe?$AA?5?$AAt@ 000000018002a5a0     LIBCMTD:crt0msg.obj
 0002:00002670       ??_C@_1GG@GOPILAJP@?$AAR?$AA6?$AA0?$AA3?$AA2?$AA?$AN?$AA?6?$AA?9?$AA?5?$AAn?$AAo?$AAt?$AA?5?$AAe?$AAn?$AAo?$AAu?$AAg?$AAh?$AA?5?$AAs?$AAp?$AAa?$AAc?$AAe?$AA?5?$AAf?$AAo?$AAr?$AA?5?$AAl?$AAo@ 000000018002a670     LIBCMTD:crt0msg.obj
 0002:000026e0       ??_C@_1BOO@KGEDBGAJ@?$AAR?$AA6?$AA0?$AA3?$AA3?$AA?$AN?$AA?6?$AA?9?$AA?5?$AAA?$AAt?$AAt?$AAe?$AAm?$AAp?$AAt?$AA?5?$AAt?$AAo?$AA?5?$AAu?$AAs?$AAe?$AA?5?$AAM?$AAS?$AAI?$AAL?$AA?5?$AAc?$AAo?$AAd@ 000000018002a6e0     LIBCMTD:crt0msg.obj
 0002:000028d0       ??_C@_1GG@MKFPEKFO@?$AAR?$AA6?$AA0?$AA3?$AA4?$AA?$AN?$AA?6?$AA?9?$AA?5?$AAi?$AAn?$AAc?$AAo?$AAn?$AAs?$AAi?$AAs?$AAt?$AAe?$AAn?$AAt?$AA?5?$AAo?$AAn?$AAe?$AAx?$AAi?$AAt?$AA?5?$AAb?$AAe?$AAg@ 000000018002a8d0     LIBCMTD:crt0msg.obj
 0002:00002938       ??_C@_1BO@BFCDCGC@?$AAD?$AAO?$AAM?$AAA?$AAI?$AAN?$AA?5?$AAe?$AAr?$AAr?$AAo?$AAr?$AA?$AN?$AA?6?$AA?$AA@ 000000018002a938     LIBCMTD:crt0msg.obj
 0002:00002958       ??_C@_1BK@KMOMNAAI@?$AAS?$AAI?$AAN?$AAG?$AA?5?$AAe?$AAr?$AAr?$AAo?$AAr?$AA?$AN?$AA?6?$AA?$AA@ 000000018002a958     LIBCMTD:crt0msg.obj
 0002:00002978       ??_C@_1BM@JBBEPPHI@?$AAT?$AAL?$AAO?$AAS?$AAS?$AA?5?$AAe?$AAr?$AAr?$AAo?$AAr?$AA?$AN?$AA?6?$AA?$AA@ 000000018002a978     LIBCMTD:crt0msg.obj
 0002:00002994       ??_C@_15JNBOKNOG@?$AA?$AN?$AA?6?$AA?$AA@ 000000018002a994     LIBCMTD:crt0msg.obj
 0002:000029a0       ??_C@_1BO@BKOMIGKJ@?$AAr?$AAu?$AAn?$AAt?$AAi?$AAm?$AAe?$AA?5?$AAe?$AAr?$AAr?$AAo?$AAr?$AA?5?$AA?$AA@ 000000018002a9a0     LIBCMTD:crt0msg.obj
 0002:000029c0       ??_C@_1FG@ILOHEEMG@?$AAf?$AA?3?$AA?2?$AAd?$AAd?$AA?2?$AAv?$AAc?$AAt?$AAo?$AAo?$AAl?$AAs?$AA?2?$AAc?$AAr?$AAt?$AA?2?$AAc?$AAr?$AAt?$AAw?$AA3?$AA2?$AA?2?$AAs?$AAt?$AAa?$AAr?$AAt?$AAu?$AAp@ 000000018002a9c0     LIBCMTD:crt0msg.obj
 0002:00002a18       ??_C@_1BI@EAHMBMEC@?$AA_?$AAN?$AAM?$AAS?$AAG?$AA_?$AAW?$AAR?$AAI?$AAT?$AAE?$AA?$AA@ 000000018002aa18     LIBCMTD:crt0msg.obj
 0002:00002a30       ??_C@_1KO@BKLCKNFL@?$AAw?$AAc?$AAs?$AAc?$AAp?$AAy?$AA_?$AAs?$AA?$CI?$AAo?$AAu?$AAt?$AAm?$AAs?$AAg?$AA?0?$AA?5?$AA?$CI?$AAs?$AAi?$AAz?$AAe?$AAo?$AAf?$AA?$CI?$AAo?$AAu?$AAt?$AAm?$AAs?$AAg?$AA?$CJ@ 000000018002aa30     LIBCMTD:crt0msg.obj
 0002:00002ae0       ??_C@_1DE@JNGNBFGO@?$AAR?$AAu?$AAn?$AAt?$AAi?$AAm?$AAe?$AA?5?$AAE?$AAr?$AAr?$AAo?$AAr?$AA?$CB?$AA?6?$AA?6?$AAP?$AAr?$AAo?$AAg?$AAr?$AAa?$AAm?$AA?3?$AA?5?$AA?$AA@ 000000018002aae0     LIBCMTD:crt0msg.obj
 0002:00002b20       ??_C@_1HK@FJJNAABO@?$AAw?$AAc?$AAs?$AAc?$AAp?$AAy?$AA_?$AAs?$AA?$CI?$AAp?$AAr?$AAo?$AAg?$AAn?$AAa?$AAm?$AAe?$AA?0?$AA?5?$AAp?$AAr?$AAo?$AAg?$AAn?$AAa?$AAm?$AAe?$AA_?$AAs?$AAi?$AAz?$AAe@ 000000018002ab20     LIBCMTD:crt0msg.obj
 0002:00002ba0       ??_C@_1CO@EAEJAADC@?$AA?$DM?$AAp?$AAr?$AAo?$AAg?$AAr?$AAa?$AAm?$AA?5?$AAn?$AAa?$AAm?$AAe?$AA?5?$AAu?$AAn?$AAk?$AAn?$AAo?$AAw?$AAn?$AA?$DO?$AA?$AA@ 000000018002aba0     LIBCMTD:crt0msg.obj
 0002:00002bd0       ??_C@_1HI@FLHKGEBE@?$AAw?$AAc?$AAs?$AAn?$AAc?$AAp?$AAy?$AA_?$AAs?$AA?$CI?$AAp?$AAc?$AAh?$AA?0?$AA?5?$AAp?$AAr?$AAo?$AAg?$AAn?$AAa?$AAm?$AAe?$AA_?$AAs?$AAi?$AAz?$AAe?$AA?5?$AA?9?$AA?5?$AA?$CI@ 000000018002abd0     LIBCMTD:crt0msg.obj
 0002:00002c48       ??_C@_17LGKOMLJ@?$AA?4?$AA?4?$AA?4?$AA?$AA@ 000000018002ac48     LIBCMTD:crt0msg.obj
 0002:00002c50       ??_C@_1IA@DCJGKHFO@?$AAw?$AAc?$AAs?$AAc?$AAa?$AAt?$AA_?$AAs?$AA?$CI?$AAo?$AAu?$AAt?$AAm?$AAs?$AAg?$AA?0?$AA?5?$AA?$CI?$AAs?$AAi?$AAz?$AAe?$AAo?$AAf?$AA?$CI?$AAo?$AAu?$AAt?$AAm?$AAs?$AAg?$AA?$CJ@ 000000018002ac50     LIBCMTD:crt0msg.obj
 0002:00002cd0       ??_C@_15IABLJNFO@?$AA?6?$AA?6?$AA?$AA@ 000000018002acd0     LIBCMTD:crt0msg.obj
 0002:00002ce0       ??_C@_1IG@NMONDPP@?$AAw?$AAc?$AAs?$AAc?$AAa?$AAt?$AA_?$AAs?$AA?$CI?$AAo?$AAu?$AAt?$AAm?$AAs?$AAg?$AA?0?$AA?5?$AA?$CI?$AAs?$AAi?$AAz?$AAe?$AAo?$AAf?$AA?$CI?$AAo?$AAu?$AAt?$AAm?$AAs?$AAg?$AA?$CJ@ 000000018002ace0     LIBCMTD:crt0msg.obj
 0002:00002d70       ??_C@_1EK@MBDPDCGA@?$AAM?$AAi?$AAc?$AAr?$AAo?$AAs?$AAo?$AAf?$AAt?$AA?5?$AAV?$AAi?$AAs?$AAu?$AAa?$AAl?$AA?5?$AAC?$AA?$CL?$AA?$CL?$AA?5?$AAR?$AAu?$AAn?$AAt?$AAi?$AAm?$AAe?$AA?5?$AAL?$AAi?$AAb@ 000000018002ad70     LIBCMTD:crt0msg.obj
 0002:00002dd8       ??_C@_1BA@GLMCNLEM@?$AAW?$AAa?$AAr?$AAn?$AAi?$AAn?$AAg?$AA?$AA@ 000000018002add8     LIBCMTD:dbgrptw.obj
 0002:00002de8       ??_C@_1M@ILHOPKA@?$AAE?$AAr?$AAr?$AAo?$AAr?$AA?$AA@ 000000018002ade8     LIBCMTD:dbgrptw.obj
 0002:00002df8       ??_C@_1CC@CGHMNGDG@?$AAA?$AAs?$AAs?$AAe?$AAr?$AAt?$AAi?$AAo?$AAn?$AA?5?$AAF?$AAa?$AAi?$AAl?$AAe?$AAd?$AA?$AA@ 000000018002adf8     LIBCMTD:dbgrptw.obj
 0002:00002e20       ??_C@_1EO@JACJHHCK@?$AAf?$AA?3?$AA?2?$AAd?$AAd?$AA?2?$AAv?$AAc?$AAt?$AAo?$AAo?$AAl?$AAs?$AA?2?$AAc?$AAr?$AAt?$AA?2?$AAc?$AAr?$AAt?$AAw?$AA3?$AA2?$AA?2?$AAm?$AAi?$AAs?$AAc?$AA?2?$AAd?$AAb@ 000000018002ae20     LIBCMTD:dbgrptw.obj
 0002:00002e70       ??_C@_1CI@PGJIFDEK@?$AA_?$AA_?$AAc?$AAr?$AAt?$AAM?$AAe?$AAs?$AAs?$AAa?$AAg?$AAe?$AAW?$AAi?$AAn?$AAd?$AAo?$AAw?$AAW?$AA?$AA@ 000000018002ae70     LIBCMTD:dbgrptw.obj
 0002:00002ea0       ??_C@_1GI@DEDNNLCI@?$AAw?$AAc?$AAs?$AAc?$AAp?$AAy?$AA_?$AAs?$AA?$CI?$AAs?$AAz?$AAE?$AAx?$AAe?$AAN?$AAa?$AAm?$AAe?$AA?0?$AA?5?$AA2?$AA6?$AA0?$AA?0?$AA?5?$AAL?$AA?$CC?$AA?$DM?$AAp?$AAr?$AAo?$AAg@ 000000018002aea0     LIBCMTD:dbgrptw.obj
 0002:00002f10       ??_C@_1NO@LECLLHOL@?$AAm?$AAe?$AAm?$AAc?$AAp?$AAy?$AA_?$AAs?$AA?$CI?$AAs?$AAz?$AAS?$AAh?$AAo?$AAr?$AAt?$AAP?$AAr?$AAo?$AAg?$AAN?$AAa?$AAm?$AAe?$AA?0?$AA?5?$AAs?$AAi?$AAz?$AAe?$AAo?$AAf@ 000000018002af10     LIBCMTD:dbgrptw.obj
 0002:00002ff0       ??_C@_1OG@PMPPFHAF@?$AA?6?$AA?6?$AAF?$AAo?$AAr?$AA?5?$AAi?$AAn?$AAf?$AAo?$AAr?$AAm?$AAa?$AAt?$AAi?$AAo?$AAn?$AA?5?$AAo?$AAn?$AA?5?$AAh?$AAo?$AAw?$AA?5?$AAy?$AAo?$AAu?$AAr?$AA?5?$AAp?$AAr@ 000000018002aff0     LIBCMTD:dbgrptw.obj
 0002:000030d8       ??_C@_11LOCGONAA@?$AA?$AA@ 000000018002b0d8     LIBCMTD:dbgrptw.obj
 0002:000030e0       ??_C@_1BK@PEDCIPMA@?$AAE?$AAx?$AAp?$AAr?$AAe?$AAs?$AAs?$AAi?$AAo?$AAn?$AA?3?$AA?5?$AA?$AA@ 000000018002b0e0     LIBCMTD:dbgrptw.obj
 0002:00003100       ??_C@_1BA@GLLGCPCK@?$AA?6?$AAL?$AAi?$AAn?$AAe?$AA?3?$AA?5?$AA?$AA@ 000000018002b100     LIBCMTD:dbgrptw.obj
 0002:00003110       ??_C@_1BA@LNHECFIM@?$AA?6?$AAF?$AAi?$AAl?$AAe?$AA?3?$AA?5?$AA?$AA@ 000000018002b110     LIBCMTD:dbgrptw.obj
 0002:00003120       ??_C@_1BE@CGCJKGHI@?$AA?6?$AAM?$AAo?$AAd?$AAu?$AAl?$AAe?$AA?3?$AA?5?$AA?$AA@ 000000018002b120     LIBCMTD:dbgrptw.obj
 0002:00003140       ??_C@_1KM@HNMIBKJH@?$AAD?$AAe?$AAb?$AAu?$AAg?$AA?5?$AA?$CF?$AAs?$AA?$CB?$AA?6?$AA?6?$AAP?$AAr?$AAo?$AAg?$AAr?$AAa?$AAm?$AA?3?$AA?5?$AA?$CF?$AAs?$AA?$CF?$AAs?$AA?$CF?$AAs?$AA?$CF?$AAs?$AA?$CF?$AAs?$AA?$CF?$AAs@ 000000018002b140     LIBCMTD:dbgrptw.obj
 0002:000031f0       ??_C@_1JI@EACPGHID@?$AAw?$AAc?$AAs?$AAc?$AAp?$AAy?$AA_?$AAs?$AA?$CI?$AAs?$AAz?$AAO?$AAu?$AAt?$AAM?$AAe?$AAs?$AAs?$AAa?$AAg?$AAe?$AA?0?$AA?5?$AA4?$AA0?$AA9?$AA6?$AA?0?$AA?5?$AAL?$AA?$CC?$AA_@ 000000018002b1f0     LIBCMTD:dbgrptw.obj
 0002:00003290       ??_C@_1FG@BBOLDHGF@?$AA_?$AAC?$AAr?$AAt?$AAD?$AAb?$AAg?$AAR?$AAe?$AAp?$AAo?$AAr?$AAt?$AA?3?$AA?5?$AAS?$AAt?$AAr?$AAi?$AAn?$AAg?$AA?5?$AAt?$AAo?$AAo?$AA?5?$AAl?$AAo?$AAn?$AAg?$AA?5?$AAo@ 000000018002b290     LIBCMTD:dbgrptw.obj
 0002:000032e8       ??_C@_0CH@JPGODKFM@f?3?2dd?2vctools?2crt?2crtw32?2misc?2on@ 000000018002b2e8     LIBCMTD:onexit.obj
 0002:00003310       ??_C@_1DO@MLNEDKGB@?$AA?$CI?$AA?$CC?$AAI?$AAn?$AAv?$AAa?$AAl?$AAi?$AAd?$AA?5?$AAs?$AAi?$AAg?$AAn?$AAa?$AAl?$AA?5?$AAo?$AAr?$AA?5?$AAe?$AAr?$AAr?$AAo?$AAr?$AA?$CC?$AA?0?$AA?5?$AA0?$AA?$CJ?$AA?$AA@ 000000018002b310     LIBCMTD:winsig.obj
 0002:00003350       ??_C@_1EO@BCKLPCCI@?$AAf?$AA?3?$AA?2?$AAd?$AAd?$AA?2?$AAv?$AAc?$AAt?$AAo?$AAo?$AAl?$AAs?$AA?2?$AAc?$AAr?$AAt?$AA?2?$AAc?$AAr?$AAt?$AAw?$AA3?$AA2?$AA?2?$AAm?$AAi?$AAs?$AAc?$AA?2?$AAw?$AAi@ 000000018002b350     LIBCMTD:winsig.obj
 0002:000033a0       ??_C@_1M@DMJEIKHL@?$AAr?$AAa?$AAi?$AAs?$AAe?$AA?$AA@ 000000018002b3a0     LIBCMTD:winsig.obj
 0002:000033b0       ??_C@_1BI@MFCLPIBM@?$AAs?$AAt?$AAr?$AA?5?$AA?$CB?$AA?$DN?$AA?5?$AAN?$AAU?$AAL?$AAL?$AA?$AA@ 000000018002b3b0     LIBCMTD:_sftbuf.obj
 0002:000033c8       ??_C@_0CH@FPHLCLAF@f?3?2dd?2vctools?2crt?2crtw32?2stdio?2_@ 000000018002b3c8     LIBCMTD:_file.obj
 0002:00003420       ??_C@_1FC@NCPEPIBI@?$AA?$CI?$AA?$CI?$AA_?$AAD?$AAs?$AAt?$AA?$CJ?$AA?$CJ?$AA?5?$AA?$CB?$AA?$DN?$AA?5?$AAN?$AAU?$AAL?$AAL?$AA?5?$AA?$CG?$AA?$CG?$AA?5?$AA?$CI?$AA?$CI?$AA_?$AAS?$AAi?$AAz?$AAe?$AAI?$AAn?$AAB?$AAy?$AAt@ 000000018002b420     LIBCMTD:strcpy_s.obj
 0002:00003480       ??_C@_1FA@ILDLFIFE@?$AAf?$AA?3?$AA?2?$AAd?$AAd?$AA?2?$AAv?$AAc?$AAt?$AAo?$AAo?$AAl?$AAs?$AA?2?$AAc?$AAr?$AAt?$AA?2?$AAc?$AAr?$AAt?$AAw?$AA3?$AA2?$AA?2?$AAh?$AA?2?$AAt?$AAc?$AAs?$AAc?$AAp@ 000000018002b480     LIBCMTD:strcpy_s.obj
 0002:000034d0       ??_C@_1BC@CFJEPFGF@?$AAs?$AAt?$AAr?$AAc?$AAp?$AAy?$AA_?$AAs?$AA?$AA@ 000000018002b4d0     LIBCMTD:strcpy_s.obj
 0002:000034e8       ??_C@_1CG@OFBJMIGJ@?$AA?$CI?$AA?$CI?$AA?$CI?$AA_?$AAS?$AAr?$AAc?$AA?$CJ?$AA?$CJ?$AA?$CJ?$AA?5?$AA?$CB?$AA?$DN?$AA?5?$AAN?$AAU?$AAL?$AAL?$AA?$AA@ 000000018002b4e8     LIBCMTD:strcpy_s.obj
[...]
 0004:000009c0       $pdata$_flush              00000001800399c0     LIBCMTD:fflush.obj
 0004:000009cc       $pdata$_flushall           00000001800399cc     LIBCMTD:fflush.obj
 0004:000009d8       $pdata$flsall              00000001800399d8     LIBCMTD:fflush.obj
 0004:000009e4       $pdata$_fcloseall          00000001800399e4     LIBCMTD:closeall.obj
 0004:000009f0       $pdata$_isleadbyte_l       00000001800399f0     LIBCMTD:_wctype.obj
 0004:000009fc       $pdata$isleadbyte          00000001800399fc     LIBCMTD:_wctype.obj
 0004:00000a08       $pdata$_locterm            0000000180039a08     LIBCMTD:wsetloca.obj
 0004:00000a14       $pdata$__isa_available_init 0000000180039a14     LIBCMTD:cpu_disp.obj
 0004:00000a20       $pdata$_flsbuf             0000000180039a20     LIBCMTD:_flsbuf.obj
 0004:00000a2c       $pdata$_vsnprintf_helper   0000000180039a2c     LIBCMTD:vsnprnc.obj
 0004:00000a38       $pdata$_vsnprintf_s        0000000180039a38     LIBCMTD:vsnprnc.obj
 0004:00000a44       $pdata$_vsnprintf_s_l      0000000180039a44     LIBCMTD:vsnprnc.obj
 0004:00000a50       $pdata$_vsprintf_s_l       0000000180039a50     LIBCMTD:vsnprnc.obj
 0004:00000a5c       $pdata$get_int64_arg       0000000180039a5c     LIBCMTD:output.obj
 0004:00000a68       $pdata$get_int_arg         0000000180039a68     LIBCMTD:output.obj
 0004:00000a74       $pdata$get_short_arg       0000000180039a74     LIBCMTD:output.obj
 0004:00000a80       $pdata$free                0000000180039a80     LIBCMTD:dbgfree.obj
 0004:00000a8c       $pdata$malloc              0000000180039a8c     LIBCMTD:dbgmalloc.obj
 0004:00000a98       $pdata$__DestructExceptionObject 0000000180039a98     LIBCMTD:frame.obj
 0004:00000aa4       $pdata$??0bad_exception@std@@QEAA@AEBV01@@Z 0000000180039aa4     LIBCMTD:frame.obj
 0004:00000ab0       $pdata$??0bad_exception@std@@QEAA@PEBD@Z 0000000180039ab0     LIBCMTD:frame.obj
 0004:00000abc       $pdata$??1bad_exception@std@@UEAA@XZ 0000000180039abc     LIBCMTD:frame.obj
 0004:00000ac8       $pdata$??_Gbad_exception@std@@UEAAPEAXI@Z 0000000180039ac8     LIBCMTD:frame.obj
 0004:00000ad4       $pdata$?CatchIt@@YAXPEAUEHExceptionRecord@@PEA_KPEAU_CONTEXT@@PEAU_xDISPATCHER_CONTEXT@@PEBU_s_FuncInfo@@PEBU_s_HandlerType@@PEBU_s_CatchableType@@PEBU_s_TryBlockMapEntry@@H1EE@Z 0000000180039ad4     LIBCMTD:frame.obj
 0004:00000ae0       $pdata$?ExFilterRethrow@@YAHPEAU_EXCEPTION_POINTERS@@PEAUEHExceptionRecord@@PEAH@Z 0000000180039ae0     LIBCMTD:frame.obj
 0004:00000aec       $pdata$?FindHandler@@YAXPEAUEHExceptionRecord@@PEA_KPEAU_CONTEXT@@PEAU_xDISPATCHER_CONTEXT@@PEBU_s_FuncInfo@@EH1@Z 0000000180039aec     LIBCMTD:frame.obj
 0004:00000af8       $pdata$?FindHandlerForForeignException@@YAXPEAUEHExceptionRecord@@PEA_KPEAU_CONTEXT@@PEAU_xDISPATCHER_CONTEXT@@PEBU_s_FuncInfo@@HH1@Z 0000000180039af8     LIBCMTD:frame.obj
 0004:00000b04       $pdata$?IsInExceptionSpec@@YAEPEAUEHExceptionRecord@@PEBU_s_ESTypeList@@@Z 0000000180039b04     LIBCMTD:frame.obj
 0004:00000b10       $pdata$?Is_bad_exception_allowed@@YAEPEBU_s_ESTypeList@@@Z 0000000180039b10     LIBCMTD:frame.obj
 0004:00000b1c       $pdata$?__RethrowException@@YAXPEAUEHExceptionRecord@@@Z 0000000180039b1c     LIBCMTD:frame.obj
 0004:00000b28       $pdata$__AdjustPointer     0000000180039b28     LIBCMTD:frame.obj
 0004:00000b34       $pdata$__BuildCatchObject  0000000180039b34     LIBCMTD:frame.obj
 0004:00000b40       $pdata$__BuildCatchObjectHelper 0000000180039b40     LIBCMTD:frame.obj
 0004:00000b4c       $pdata$__CxxCallCatchBlock 0000000180039b4c     LIBCMTD:frame.obj
 0004:00000b58       $pdata$__FrameUnwindFilter 0000000180039b58     LIBCMTD:frame.obj
 0004:00000b64       $pdata$__FrameUnwindToState 0000000180039b64     LIBCMTD:frame.obj
 0004:00000b70       $pdata$__InternalCxxFrameHandler 0000000180039b70     LIBCMTD:frame.obj
 0004:00000b7c       $pdata$__TypeMatch         0000000180039b7c     LIBCMTD:frame.obj
 0004:00000b88       $pdata$?__GetCurrentState@@YAHPEA_KPEAU_xDISPATCHER_CONTEXT@@PEBU_s_FuncInfo@@@Z 0000000180039b88     LIBCMTD:ehstate.obj
 0004:00000b94       $pdata$?__GetUnwindTryBlock@@YAHPEA_KPEAU_xDISPATCHER_CONTEXT@@PEBU_s_FuncInfo@@@Z 0000000180039b94     LIBCMTD:ehstate.obj
 0004:00000ba0       $pdata$?__SetUnwindTryBlock@@YAXPEA_KPEAU_xDISPATCHER_CONTEXT@@PEBU_s_FuncInfo@@H@Z 0000000180039ba0     LIBCMTD:ehstate.obj
 0004:00000bac       $pdata$?__StateFromControlPc@@YAHPEBU_s_FuncInfo@@PEAU_xDISPATCHER_CONTEXT@@@Z 0000000180039bac     LIBCMTD:ehstate.obj
 0004:00000bb8       $pdata$?__StateFromIp@@YAHPEBU_s_FuncInfo@@PEAU_xDISPATCHER_CONTEXT@@_J@Z 0000000180039bb8     LIBCMTD:ehstate.obj
 0004:00000bc4       $pdata$_vsnwprintf_s       0000000180039bc4     LIBCMTD:vswprnc.obj
 0004:00000bd0       $pdata$_vsnwprintf_s_l     0000000180039bd0     LIBCMTD:vswprnc.obj
 0004:00000bdc       $pdata$_vswprintf_helper   0000000180039bdc     LIBCMTD:vswprnc.obj
 0004:00000be8       $pdata$strcat_s            0000000180039be8     LIBCMTD:strcat_s.obj
 0004:00000bf4       $pdata$_itoa_s             0000000180039bf4     LIBCMTD:xtoas.obj
 0004:00000c00       $pdata$xtoa_s              0000000180039c00     LIBCMTD:xtoas.obj
 0004:00000c0c       $pdata$_mbstowcs_l_helper  0000000180039c0c     LIBCMTD:mbstowcs.obj
 0004:00000c18       $pdata$_mbstowcs_s_l       0000000180039c18     LIBCMTD:mbstowcs.obj
 0004:00000c24       $pdata$mbstowcs_s          0000000180039c24     LIBCMTD:mbstowcs.obj
 0004:00000c30       $pdata$?wcsncnt@@YA_KPEB_W_K@Z 0000000180039c30     LIBCMTD:wcstombs.obj
 0004:00000c3c       $pdata$_wcstombs_l_helper  0000000180039c3c     LIBCMTD:wcstombs.obj
 0004:00000c48       $pdata$_wcstombs_s_l       0000000180039c48     LIBCMTD:wcstombs.obj
 0004:00000c54       $pdata$wcstombs_s          0000000180039c54     LIBCMTD:wcstombs.obj
 0004:00000c60       $pdata$_itow_s             0000000180039c60     LIBCMTD:xtows.obj
 0004:00000c6c       $pdata$xtow_s              0000000180039c6c     LIBCMTD:xtows.obj
 0004:00000c78       $pdata$__GSHandlerCheck_SEH 0000000180039c78     LIBCMTD:gshandlerseh.obj
 0004:00000c84       $pdata$_commit             0000000180039c84     LIBCMTD:commit.obj
 0004:00000c90       $pdata$_write              0000000180039c90     LIBCMTD:write.obj
 0004:00000c9c       $pdata$_write_nolock       0000000180039c9c     LIBCMTD:write.obj
 0004:00000ca8       $pdata$_fclose_nolock      0000000180039ca8     LIBCMTD:fclose.obj
 0004:00000cb4       $pdata$fclose              0000000180039cb4     LIBCMTD:fclose.obj
 0004:00000ccc       $pdata$_lseeki64           0000000180039ccc     LIBCMTD:lseeki64.obj
 0004:00000cd8       $pdata$_lseeki64_nolock    0000000180039cd8     LIBCMTD:lseeki64.obj
 0004:00000ce4       $pdata$_getbuf             0000000180039ce4     LIBCMTD:_getbuf.obj
 0004:00000cf0       $pdata$_output_s_l         0000000180039cf0     LIBCMTD:outputs.obj
 0004:00000cfc       $pdata$write_char          0000000180039cfc     LIBCMTD:outputs.obj
 0004:00000d08       $pdata$write_multi_char    0000000180039d08     LIBCMTD:outputs.obj
 0004:00000d14       $pdata$write_string        0000000180039d14     LIBCMTD:outputs.obj
 0004:00000d20       $pdata$_get_printf_count_output 0000000180039d20     LIBCMTD:printf.obj
 0004:00000d2c       $pdata$_wctomb_s_l         0000000180039d2c     LIBCMTD:wctomb.obj
 0004:00000d38       $pdata$wctomb_s            0000000180039d38     LIBCMTD:wctomb.obj
 0004:00000d44       $pdata$??3@YAXPEAX@Z       0000000180039d44     LIBCMTD:dbgdel.obj
 0004:00000d5c       $pdata$?_ValidateExecute@@YAHP6A_JXZ@Z 0000000180039d5c     LIBCMTD:validate.obj
 0004:00000d68       $pdata$?_ValidateRead@@YAHPEBXI@Z 0000000180039d68     LIBCMTD:validate.obj
 0004:00000d68       $pdata$?_ValidateWrite@@YAHPEAXI@Z 0000000180039d68     LIBCMTD:validate.obj
 0004:00000d80       $pdata$??1type_info@@UEAA@XZ 0000000180039d80     LIBCMTD:typinfo.obj
 0004:00000d8c       $pdata$??8type_info@@QEBA_NAEBV0@@Z 0000000180039d8c     LIBCMTD:typinfo.obj
 0004:00000d98       $pdata$??_Gtype_info@@UEAAPEAXI@Z 0000000180039d98     LIBCMTD:typinfo.obj
 0004:00000da4       $pdata$??0exception@std@@QEAA@AEBQEBD@Z 0000000180039da4     LIBCMTD:stdexcpt.obj
 0004:00000db0       $pdata$??0exception@std@@QEAA@AEBV01@@Z 0000000180039db0     LIBCMTD:stdexcpt.obj
 0004:00000dbc       $pdata$??1exception@std@@UEAA@XZ 0000000180039dbc     LIBCMTD:stdexcpt.obj
 0004:00000dc8       $pdata$??4exception@std@@QEAAAEAV01@AEBV01@@Z 0000000180039dc8     LIBCMTD:stdexcpt.obj
 0004:00000dd4       $pdata$??_Gexception@std@@UEAAPEAXI@Z 0000000180039dd4     LIBCMTD:stdexcpt.obj
 0004:00000de0       $pdata$?_Copy_str@exception@std@@AEAAXPEBD@Z 0000000180039de0     LIBCMTD:stdexcpt.obj
 0004:00000dec       $pdata$?_Tidy@exception@std@@AEAAXXZ 0000000180039dec     LIBCMTD:stdexcpt.obj
 0004:00000df8       $pdata$?what@exception@std@@UEBAPEBDXZ 0000000180039df8     LIBCMTD:stdexcpt.obj
 0004:00000e04       $pdata$_CxxThrowException  0000000180039e04     LIBCMTD:throw.obj
 0004:00000e10       $pdata$_woutput_s_l        0000000180039e10     LIBCMTD:woutputs.obj
 0004:00000e1c       $pdata$write_char          0000000180039e1c     LIBCMTD:woutputs.obj
 0004:00000e28       $pdata$write_multi_char    0000000180039e28     LIBCMTD:woutputs.obj
 0004:00000e34       $pdata$write_string        0000000180039e34     LIBCMTD:woutputs.obj
 0004:00000e40       $pdata$_fputwc_nolock      0000000180039e40     LIBCMTD:fputwc.obj
 0004:00000e4c       $pdata$_mbtowc_l           0000000180039e4c     LIBCMTD:mbtowc.obj
 0004:00000e58       $pdata$mbtowc              0000000180039e58     LIBCMTD:mbtowc.obj
 0004:00000e64       $pdata$__lock_fhandle      0000000180039e64     LIBCMTD:osfinfo.obj
 0004:00000e70       $pdata$_free_osfhnd        0000000180039e70     LIBCMTD:osfinfo.obj
 0004:00000e7c       $pdata$_get_osfhandle      0000000180039e7c     LIBCMTD:osfinfo.obj
 0004:00000e88       $pdata$_unlock_fhandle     0000000180039e88     LIBCMTD:osfinfo.obj
 0004:00000e94       $pdata$_putwch_nolock      0000000180039e94     LIBCMTD:putwch.obj
 0004:00000ea0       $pdata$_close              0000000180039ea0     LIBCMTD:close.obj
 0004:00000eac       $pdata$_close_nolock       0000000180039eac     LIBCMTD:close.obj
 0004:00000eb8       $pdata$_freebuf            0000000180039eb8     LIBCMTD:_freebuf.obj
 0004:00000ec4       $pdata$?_Type_info_dtor@type_info@@CAXPEAV1@@Z 0000000180039ec4     LIBCMTD:typname.obj
 0004:00000ed0       $pdata$_flswbuf            0000000180039ed0     LIBCMTD:_flswbuf.obj
 0004:00000edc       $pdata$__termconout        0000000180039edc     LIBCMTD:initcon.obj
 0004:00000ee8       $pdata$__initconout        0000000180039ee8     LIBCMTD:initcon.obj
 0004:00000ef4       $pdata$__crt_atoflt_l      0000000180039ef4     LIBCMTD:atodbl.obj
 0004:00000f00       $pdata$_atodbl_l           0000000180039f00     LIBCMTD:atodbl.obj
 0004:00000f0c       $pdata$_atoflt_l           0000000180039f0c     LIBCMTD:atodbl.obj
 0004:00000f18       $pdata$_fpmath             0000000180039f18     LIBCMTD:fpinit.obj
 0004:00000f24       $pdata$_CopyMan            0000000180039f24     LIBCMTD:intrncvt.obj
 0004:00000f30       $pdata$_FillZeroMan        0000000180039f30     LIBCMTD:intrncvt.obj
 0004:00000f3c       $pdata$_IncMan             0000000180039f3c     LIBCMTD:intrncvt.obj
 0004:00000f48       $pdata$_IsZeroMan          0000000180039f48     LIBCMTD:intrncvt.obj
 0004:00000f54       $pdata$_RoundMan           0000000180039f54     LIBCMTD:intrncvt.obj
 0004:00000f60       $pdata$_ShrMan             0000000180039f60     LIBCMTD:intrncvt.obj
 0004:00000f6c       $pdata$_ZeroTail           0000000180039f6c     LIBCMTD:intrncvt.obj
 0004:00000f78       $pdata$__addl              0000000180039f78     LIBCMTD:intrncvt.obj
 0004:00000f84       $pdata$_ld12cvt            0000000180039f84     LIBCMTD:intrncvt.obj
 0004:00000f90       $pdata$_ld12tod            0000000180039f90     LIBCMTD:intrncvt.obj
 0004:00000f9c       $pdata$_ld12tof            0000000180039f9c     LIBCMTD:intrncvt.obj
 0004:00000fa8       $pdata$__ld12mul           0000000180039fa8     LIBCMTD:strgtold.obj
 0004:00000fb4       $pdata$__multtenpow12      0000000180039fb4     LIBCMTD:strgtold.obj
 0004:00000fc0       $pdata$__shl_12            0000000180039fc0     LIBCMTD:strgtold.obj
 0004:00000fcc       $pdata$__shr_12            0000000180039fcc     LIBCMTD:strgtold.obj
 0004:00000fd8       $pdata$__strgtold12_l      0000000180039fd8     LIBCMTD:strgtold.obj
 0004:00000fe4       $pdata$?strrchr@@YAPEADPEADH@Z 0000000180039fe4     LIBCMTD:cvt.obj
 0004:00000ff0       $pdata$_cfltcvt            0000000180039ff0     LIBCMTD:cvt.obj
 0004:00000ffc       $pdata$_cfltcvt_l          0000000180039ffc     LIBCMTD:cvt.obj
 0004:00001008       $pdata$_cftoa_l            000000018003a008     LIBCMTD:cvt.obj
 0004:00001014       $pdata$_cftoe              000000018003a014     LIBCMTD:cvt.obj
 0004:00001020       $pdata$_cftoe2_l           000000018003a020     LIBCMTD:cvt.obj
 0004:0000102c       $pdata$_cftoe_l            000000018003a02c     LIBCMTD:cvt.obj
 0004:00001038       $pdata$_cftof2_l           000000018003a038     LIBCMTD:cvt.obj
 0004:00001044       $pdata$_cftof_l            000000018003a044     LIBCMTD:cvt.obj
 0004:00001050       $pdata$_cftog_l            000000018003a050     LIBCMTD:cvt.obj
 0004:0000105c       $pdata$_cropzeros          000000018003a05c     LIBCMTD:cvt.obj
 0004:00001068       $pdata$_cropzeros_l        000000018003a068     LIBCMTD:cvt.obj
 0004:00001074       $pdata$_fassign            000000018003a074     LIBCMTD:cvt.obj
 0004:00001080       $pdata$_fassign_l          000000018003a080     LIBCMTD:cvt.obj
 0004:0000108c       $pdata$_forcdecpt          000000018003a08c     LIBCMTD:cvt.obj
 0004:00001098       $pdata$_forcdecpt_l        000000018003a098     LIBCMTD:cvt.obj
 0004:000010a4       $pdata$_positive           000000018003a0a4     LIBCMTD:cvt.obj
 0004:000010b0       $pdata$_shift              000000018003a0b0     LIBCMTD:cvt.obj
 0004:000010bc       $pdata$__add_12            000000018003a0bc     LIBCMTD:mantold.obj
 0004:000010c8       $pdata$__mtold12           000000018003a0c8     LIBCMTD:mantold.obj
 0004:000010d4       $pdata$_isdigit_l          000000018003a0d4     LIBCMTD:_ctype.obj
 0004:000010e0       $pdata$isdigit             000000018003a0e0     LIBCMTD:_ctype.obj
 0004:000010ec       $pdata$_tolower_l          000000018003a0ec     LIBCMTD:tolower.obj
 0004:000010f8       $pdata$tolower             000000018003a0f8     LIBCMTD:tolower.obj
 0004:00001104       $pdata$strrchr             000000018003a104     LIBCMTD:strrchr.obj
 0004:00001110       $pdata$_fptostr            000000018003a110     LIBCMTD:_fptostr.obj
 0004:0000111c       $pdata$__dtold             000000018003a11c     LIBCMTD:cfout.obj
 0004:00001128       $pdata$_fltout2            000000018003a128     LIBCMTD:cfout.obj
 0004:00001134       $pdata$$I10_OUTPUT         000000018003a134     LIBCMTD:x10fout.obj
 0004:00001140       $pdata$_CRT_INIT$fin$0     000000018003a140     LIBCMTD:dllcrt0.obj
 0004:0000114c       $pdata$__DllMainCRTStartup$filt$0 000000018003a14c     LIBCMTD:dllcrt0.obj
 0004:00001158       $pdata$_initptd$fin$0      000000018003a158     LIBCMTD:tidtable.obj
 0004:00001158       $pdata$_freefls$fin$0      000000018003a158     LIBCMTD:tidtable.obj
 0004:00001164       $pdata$_initptd$fin$1      000000018003a164     LIBCMTD:tidtable.obj
 0004:00001164       $pdata$_freefls$fin$1      000000018003a164     LIBCMTD:tidtable.obj
 0004:00001170       $pdata$doexit$fin$0        000000018003a170     LIBCMTD:crt0dat.obj
 0004:0000117c       $pdata$_ioinit$fin$0       000000018003a17c     LIBCMTD:ioinit.obj
 0004:00001188       $pdata$_CrtCheckMemory$fin$0 000000018003a188     LIBCMTD:dbgheap.obj
 0004:00001194       $pdata$_CrtSetDbgFlag$fin$0 000000018003a194     LIBCMTD:dbgheap.obj
 0004:00001194       $pdata$?fin$0@?0???3@YAXPEAX@Z@4HA 000000018003a194     LIBCMTD:dbgheap.obj
 0004:00001194       $pdata$_realloc_dbg$fin$0  000000018003a194     LIBCMTD:dbgheap.obj
 0004:00001194       $pdata$_msize_dbg$fin$0    000000018003a194     LIBCMTD:dbgheap.obj
 0004:000011a0       $pdata$_free_dbg$fin$0     000000018003a1a0     LIBCMTD:dbgheap.obj
 0004:000011ac       $pdata$_CrtMemCheckpoint$fin$0 000000018003a1ac     LIBCMTD:dbgheap.obj
 0004:000011ac       $pdata$_heap_alloc_dbg_impl$fin$0 000000018003a1ac     LIBCMTD:dbgheap.obj
 0004:000011ac       $pdata$?fin$0@?0??_CrtMemDumpAllObjectsSince_stat@@YAXPEBU_CrtMemState@@PEAUlocaleinfo_struct@@@Z@4HA 000000018003a1ac     LIBCMTD:dbgheap.obj
 0004:000011b8       $pdata$_mtinitlocknum$fin$0 000000018003a1b8     LIBCMTD:mlock.obj
 0004:000011b8       $pdata$__lock_fhandle$fin$0 000000018003a1b8     LIBCMTD:mlock.obj
 0004:000011c4       $pdata$__updatetlocinfo$fin$0 000000018003a1c4     LIBCMTD:localref.obj
 0004:000011c4       $pdata$_locterm$fin$0      000000018003a1c4     LIBCMTD:localref.obj
 0004:000011d0       $pdata$?dtor$0@?0??getSystemCP@@YAHH@Z@4HA 000000018003a1d0     LIBCMTD:mbctype.obj
 0004:000011dc       $pdata$__updatetmbcinfo$fin$0 000000018003a1dc     LIBCMTD:mbctype.obj
 0004:000011dc       $pdata$_setmbcp$fin$0      000000018003a1dc     LIBCMTD:mbctype.obj
 0004:000011e8       $pdata$_IsNonwritableInCurrentImage$filt$0 000000018003a1e8     LIBCMTD:pesect.obj
 0004:000011f4       $pdata$_onexit$fin$0       000000018003a1f4     LIBCMTD:onexit.obj
 0004:00001200       $pdata$__BuildCatchObject$filt$0 000000018003a200     LIBCMTD:hooks.obj
 0004:00001200       $pdata$?filt$0@?0??_inconsistency@@YAXXZ@4HA 000000018003a200     LIBCMTD:hooks.obj
 0004:00001200       $pdata$__BuildCatchObjectHelper$filt$0 000000018003a200     LIBCMTD:hooks.obj
 0004:00001200       $pdata$?filt$0@?0??terminate@@YAXXZ@4HA 000000018003a200     LIBCMTD:hooks.obj
 0004:00001200       $pdata$?filt$0@?0??__crtIsBadReadPtr@@YAHPEBX_K@Z@4HA 000000018003a200     LIBCMTD:hooks.obj
 0004:0000120c       $pdata$raise$fin$0         000000018003a20c     LIBCMTD:winsig.obj
 0004:00001218       $pdata$?dtor$0@?0??x_ismbbtype_l@@YAHPEAUlocaleinfo_struct@@IHH@Z@4HA 000000018003a218     LIBCMTD:ismbbyte.obj
 0004:00001224       $pdata$_CallSETranslator$filt$0 000000018003a224     LIBCMTD:trnsctrl.obj
 0004:00001230       $pdata$_VCrtDbgReportA$fin$0 000000018003a230     LIBCMTD:dbgrptt.obj
 0004:0000123c       $pdata$_VCrtDbgReportA$fin$1 000000018003a23c     LIBCMTD:dbgrptt.obj
 0004:00001248       $pdata$_VCrtDbgReportW$fin$0 000000018003a248     LIBCMTD:dbgrptt.obj
 0004:00001254       $pdata$_VCrtDbgReportW$fin$1 000000018003a254     LIBCMTD:dbgrptt.obj
 0004:00001260       $pdata$flsall$fin$0        000000018003a260     LIBCMTD:fflush.obj
 0004:0000126c       $pdata$flsall$fin$1        000000018003a26c     LIBCMTD:fflush.obj
 0004:00001278       $pdata$_fcloseall$fin$0    000000018003a278     LIBCMTD:closeall.obj
 0004:00001284       $pdata$__CxxCallCatchBlock$filt$0 000000018003a284     LIBCMTD:frame.obj
 0004:00001290       $pdata$__CxxCallCatchBlock$fin$1 000000018003a290     LIBCMTD:frame.obj
 0004:0000129c       $pdata$__DestructExceptionObject$filt$0 000000018003a29c     LIBCMTD:frame.obj
 0004:000012a8       $pdata$__FrameUnwindToState$filt$0 000000018003a2a8     LIBCMTD:frame.obj
 0004:000012b4       $pdata$__FrameUnwindToState$fin$1 000000018003a2b4     LIBCMTD:frame.obj
 0004:000012c0       $pdata$_lseeki64$fin$0     000000018003a2c0     LIBCMTD:commit.obj
 0004:000012c0       $pdata$_write$fin$0        000000018003a2c0     LIBCMTD:commit.obj
 0004:000012c0       $pdata$_commit$fin$0       000000018003a2c0     LIBCMTD:commit.obj
 0004:000012c0       $pdata$_close$fin$0        000000018003a2c0     LIBCMTD:commit.obj
 0004:000012cc       $pdata$fclose$fin$0        000000018003a2cc     LIBCMTD:fclose.obj
 0004:000012d8       $pdata$?fin$0@?0??_Type_info_dtor@type_info@@CAXPEAV1@@Z@4HA 000000018003a2d8     LIBCMTD:typname.obj
